Archive member included to satisfy reference by file (symbol)

.\CortexM3\ARM_GCC_541\Debug\Oscilloscope.a(USBFS.o)
                              .\CortexM3\ARM_GCC_541\Debug\main.o (USBFS_Start)
.\CortexM3\ARM_GCC_541\Debug\Oscilloscope.a(USBFS_drv.o)
                              .\CortexM3\ARM_GCC_541\Debug\Oscilloscope.a(USBFS.o) (USBFS_lastPacketSize)
.\CortexM3\ARM_GCC_541\Debug\Oscilloscope.a(USBFS_episr.o)
                              .\CortexM3\ARM_GCC_541\Debug\Oscilloscope.a(USBFS.o) (USBFS_EP_1_ISR)
.\CortexM3\ARM_GCC_541\Debug\Oscilloscope.a(USBFS_pm.o)
                              .\CortexM3\ARM_GCC_541\Debug\Oscilloscope.a(USBFS.o) (USBFS_DP_ISR)
.\CortexM3\ARM_GCC_541\Debug\Oscilloscope.a(USBFS_std.o)
                              .\CortexM3\ARM_GCC_541\Debug\Oscilloscope.a(USBFS_pm.o) (USBFS_ConfigReg)
.\CortexM3\ARM_GCC_541\Debug\Oscilloscope.a(USBFS_vnd.o)
                              .\CortexM3\ARM_GCC_541\Debug\Oscilloscope.a(USBFS_drv.o) (USBFS_HandleVendorRqst)
.\CortexM3\ARM_GCC_541\Debug\Oscilloscope.a(ADC_CH1.o)
                              .\CortexM3\ARM_GCC_541\Debug\main.o (ADC_CH1_Start)
.\CortexM3\ARM_GCC_541\Debug\Oscilloscope.a(ADC_CH1_INT.o)
                              .\CortexM3\ARM_GCC_541\Debug\Oscilloscope.a(ADC_CH1.o) (ADC_CH1_ISR)
.\CortexM3\ARM_GCC_541\Debug\Oscilloscope.a(DMA_1_dma.o)
                              .\CortexM3\ARM_GCC_541\Debug\main.o (DMA_1_DmaInitialize)
.\CortexM3\ARM_GCC_541\Debug\Oscilloscope.a(DMA_2_dma.o)
                              .\CortexM3\ARM_GCC_541\Debug\main.o (DMA_2_DmaInitialize)
.\CortexM3\ARM_GCC_541\Debug\Oscilloscope.a(isr_1.o)
                              .\CortexM3\ARM_GCC_541\Debug\main.o (isr_1_StartEx)
.\CortexM3\ARM_GCC_541\Debug\Oscilloscope.a(isr_2.o)
                              .\CortexM3\ARM_GCC_541\Debug\main.o (isr_2_StartEx)
.\CortexM3\ARM_GCC_541\Debug\Oscilloscope.a(ADC_POT.o)
                              .\CortexM3\ARM_GCC_541\Debug\main.o (ADC_POT_Start)
.\CortexM3\ARM_GCC_541\Debug\Oscilloscope.a(ADC_POT_INT.o)
                              .\CortexM3\ARM_GCC_541\Debug\Oscilloscope.a(ADC_POT.o) (ADC_POT_ISR1)
.\CortexM3\ARM_GCC_541\Debug\Oscilloscope.a(Mux.o)
                              .\CortexM3\ARM_GCC_541\Debug\main.o (Mux_Start)
.\CortexM3\ARM_GCC_541\Debug\Oscilloscope.a(Timer_1.o)
                              .\CortexM3\ARM_GCC_541\Debug\main.o (Timer_1_Start)
.\CortexM3\ARM_GCC_541\Debug\Oscilloscope.a(isr_pot.o)
                              .\CortexM3\ARM_GCC_541\Debug\main.o (isr_pot_StartEx)
.\CortexM3\ARM_GCC_541\Debug\Oscilloscope.a(ADC_CH2.o)
                              .\CortexM3\ARM_GCC_541\Debug\main.o (ADC_CH2_Start)
.\CortexM3\ARM_GCC_541\Debug\Oscilloscope.a(ADC_CH2_INT.o)
                              .\CortexM3\ARM_GCC_541\Debug\Oscilloscope.a(ADC_CH2.o) (ADC_CH2_ISR)
.\CortexM3\ARM_GCC_541\Debug\Oscilloscope.a(USBFS_ep4_dma.o)
                              .\CortexM3\ARM_GCC_541\Debug\Oscilloscope.a(USBFS.o) (USBFS_ep4_DmaInitialize)
.\CortexM3\ARM_GCC_541\Debug\Oscilloscope.a(USBFS_ep3_dma.o)
                              .\CortexM3\ARM_GCC_541\Debug\Oscilloscope.a(USBFS.o) (USBFS_ep3_DmaInitialize)
.\CortexM3\ARM_GCC_541\Debug\Oscilloscope.a(USBFS_ep2_dma.o)
                              .\CortexM3\ARM_GCC_541\Debug\Oscilloscope.a(USBFS.o) (USBFS_ep2_DmaInitialize)
.\CortexM3\ARM_GCC_541\Debug\Oscilloscope.a(USBFS_ep1_dma.o)
                              .\CortexM3\ARM_GCC_541\Debug\Oscilloscope.a(USBFS.o) (USBFS_ep1_DmaInitialize)
.\CortexM3\ARM_GCC_541\Debug\Oscilloscope.a(USBFS_Dp.o)
                              .\CortexM3\ARM_GCC_541\Debug\Oscilloscope.a(USBFS.o) (USBFS_Dp_ClearInterrupt)
.\CortexM3\ARM_GCC_541\Debug\Oscilloscope.a(ADC_CH1_theACLK.o)
                              .\CortexM3\ARM_GCC_541\Debug\Oscilloscope.a(ADC_CH1.o) (ADC_CH1_theACLK_SetModeRegister)
.\CortexM3\ARM_GCC_541\Debug\Oscilloscope.a(ADC_POT_AMux.o)
                              .\CortexM3\ARM_GCC_541\Debug\Oscilloscope.a(ADC_POT.o) (ADC_POT_AMux_Select)
.\CortexM3\ARM_GCC_541\Debug\Oscilloscope.a(ADC_POT_Ext_CP_Clk.o)
                              .\CortexM3\ARM_GCC_541\Debug\Oscilloscope.a(ADC_POT.o) (ADC_POT_Ext_CP_Clk_SetModeRegister)
.\CortexM3\ARM_GCC_541\Debug\Oscilloscope.a(ADC_POT_theACLK.o)
                              .\CortexM3\ARM_GCC_541\Debug\Oscilloscope.a(ADC_POT.o) (ADC_POT_theACLK_SetModeRegister)
.\CortexM3\ARM_GCC_541\Debug\Oscilloscope.a(ADC_CH2_theACLK.o)
                              .\CortexM3\ARM_GCC_541\Debug\Oscilloscope.a(ADC_CH2.o) (ADC_CH2_theACLK_SetModeRegister)
.\CortexM3\ARM_GCC_541\Debug\Oscilloscope.a(CyDmac.o)
                              .\CortexM3\ARM_GCC_541\Debug\Cm3Start.o (CyDmacConfigure)
.\CortexM3\ARM_GCC_541\Debug\Oscilloscope.a(CyLib.o)
                              .\CortexM3\ARM_GCC_541\Debug\Cm3Start.o (CyHalt)
.\CortexM3\ARM_GCC_541\Debug\Oscilloscope.a(cyPm.o)
[...]
Memory Configuration

Name             Origin             Length             Attributes
rom              0x00000000         0x00040000         xr
ram              0x1fff8000         0x00010000         xrw
*default*        0x00000000         0xffffffff

Linker script and memory map

LOAD c:/program files (x86)/cypress/psoc creator/4.2/psoc creator/import/gnu/arm/5.4.1/bin/../lib/gcc/arm-none-eabi/5.4.1/armv7-m/crti.o
LOAD c:/program files (x86)/cypress/psoc creator/4.2/psoc creator/import/gnu/arm/5.4.1/bin/../lib/gcc/arm-none-eabi/5.4.1/armv7-m/crtbegin.o
LOAD c:/program files (x86)/cypress/psoc creator/4.2/psoc creator/import/gnu/arm/5.4.1/bin/../lib/gcc/arm-none-eabi/5.4.1/../../../../arm-none-eabi/lib/armv7-m/crt0.o
START GROUP
LOAD .\CortexM3\ARM_GCC_541\Debug\main.o
LOAD .\CortexM3\ARM_GCC_541\Debug\cyfitter_cfg.o
LOAD .\CortexM3\ARM_GCC_541\Debug\cymetadata.o
LOAD .\CortexM3\ARM_GCC_541\Debug\Cm3Start.o
LOAD .\CortexM3\ARM_GCC_541\Debug\Oscilloscope.a
LOAD C:\Program Files (x86)\Cypress\PSoC Creator\4.2\PSoC Creator\psoc\content\cycomponentlibrary\CyComponentLibrary.cylib\CortexM3\ARM_GCC_541\Debug\CyComponentLibrary.a
END GROUP
START GROUP
LOAD c:/program files (x86)/cypress/psoc creator/4.2/psoc creator/import/gnu/arm/5.4.1/bin/../lib/gcc/arm-none-eabi/5.4.1/armv7-m\libgcc.a
LOAD c:/program files (x86)/cypress/psoc creator/4.2/psoc creator/import/gnu/arm/5.4.1/bin/../lib/gcc/arm-none-eabi/5.4.1/../../../../arm-none-eabi/lib/armv7-m\libg_nano.a
LOAD c:/program files (x86)/cypress/psoc creator/4.2/psoc creator/import/gnu/arm/5.4.1/bin/../lib/gcc/arm-none-eabi/5.4.1/../../../../arm-none-eabi/lib/armv7-m\libc_nano.a
END GROUP
START GROUP
LOAD c:/program files (x86)/cypress/psoc creator/4.2/psoc creator/import/gnu/arm/5.4.1/bin/../lib/gcc/arm-none-eabi/5.4.1/armv7-m\libgcc.a
LOAD c:/program files (x86)/cypress/psoc creator/4.2/psoc creator/import/gnu/arm/5.4.1/bin/../lib/gcc/arm-none-eabi/5.4.1/../../../../arm-none-eabi/lib/armv7-m\libc_nano.a
END GROUP
LOAD c:/program files (x86)/cypress/psoc creator/4.2/psoc creator/import/gnu/arm/5.4.1/bin/../lib/gcc/arm-none-eabi/5.4.1/armv7-m/crtend.o
LOAD c:/program files (x86)/cypress/psoc creator/4.2/psoc creator/import/gnu/arm/5.4.1/bin/../lib/gcc/arm-none-eabi/5.4.1/armv7-m/crtn.o
START GROUP
LOAD c:/program files (x86)/cypress/psoc creator/4.2/psoc creator/import/gnu/arm/5.4.1/bin/../lib/gcc/arm-none-eabi/5.4.1/armv7-m\libgcc.a
LOAD c:/program files (x86)/cypress/psoc creator/4.2/psoc creator/import/gnu/arm/5.4.1/bin/../lib/gcc/arm-none-eabi/5.4.1/../../../../arm-none-eabi/lib/armv7-m\libc.a
LOAD c:/program files (x86)/cypress/psoc creator/4.2/psoc creator/import/gnu/arm/5.4.1/bin/../lib/gcc/arm-none-eabi/5.4.1/../../../../arm-none-eabi/lib/armv7-m\libnosys.a
END GROUP
                0x00000000                CY_APPL_ORIGIN = 0x0
                0x00000100                CY_FLASH_ROW_SIZE = 0x100
                0x00000020                CY_ECC_ROW_SIZE = 0x20
                0x00000000                CY_EE_IN_BTLDR = 0x0
                0x00000000                CY_APPL_LOADABLE = 0x0
                0x00000800                CY_EE_SIZE = 0x800
                0x00000001                CY_APPL_NUM = 0x1
                0x00000001                CY_APPL_MAX = 0x1
                0x00000040                CY_METADATA_SIZE = 0x40
                0x00000000                CY_APPL_LOADABLE = 0x0
                0x00000000                CY_CHECKSUM_EXCLUDE_SIZE = ALIGN (0x0, CY_FLASH_ROW_SIZE)
                [!provide]                PROVIDE (__cy_heap_start, _end)
                0x00000001                PROVIDE (__cy_region_num, ((__cy_regions_end - __cy_regions) / 0x10))
                0x20008000                PROVIDE (__cy_stack, (ORIGIN (ram) + LENGTH (ram)))
                [!provide]                PROVIDE (__cy_heap_end, (__cy_stack - 0x800))

.cybootloader   0x00000000        0x0
 *(.cybootloader)
                0x00000000                appl1_start = CY_APPL_ORIGIN?CY_APPL_ORIGIN:ALIGN (CY_FLASH_ROW_SIZE)
                0x0001ff00                appl2_start = (appl1_start + ALIGN ((((LENGTH (rom) - appl1_start) - (0x2 * CY_FLASH_ROW_SIZE)) / 0x2), CY_FLASH_ROW_SIZE))
                0x00000000                appl_start = (CY_APPL_NUM == 0x1)?appl1_start:appl2_start
                0x00000000                ecc_offset = ((appl_start / CY_FLASH_ROW_SIZE) * CY_ECC_ROW_SIZE)
                0x00000000                ee_offset = (CY_APPL_LOADABLE && ! (CY_EE_IN_BTLDR))?((CY_EE_SIZE / CY_APPL_MAX) * (CY_APPL_NUM - 0x1)):0x0
                0x00000800                ee_size = (CY_APPL_LOADABLE && ! (CY_EE_IN_BTLDR))?(CY_EE_SIZE / CY_APPL_MAX):CY_EE_SIZE
                [!provide]                PROVIDE (CY_ECC_OFFSET, ecc_offset)

.text           0x00000000     0x2c2e
 CREATE_OBJECT_SYMBOLS
                0x00000000                PROVIDE (__cy_interrupt_vector, RomVectors)
 *(.romvectors)
 .romvectors    0x00000000       0x10 .\CortexM3\ARM_GCC_541\Debug\Cm3Start.o
                0x00000000                RomVectors
                0x00000001                ASSERT ((. != __cy_interrupt_vector), No interrupt vector)
                0x00000001                ASSERT (CY_APPL_ORIGIN?(SIZEOF (.cybootloader) <= CY_APPL_ORIGIN):0x1, Wrong image location)
                0x00000010                PROVIDE (__cy_reset, Reset)
 *(.text.Reset)
 .text.Reset    0x00000010       0x18 .\CortexM3\ARM_GCC_541\Debug\Cm3Start.o
                0x00000010                Reset
                0x00000001                ASSERT ((. != __cy_reset), No reset code)
 *(.dma_init)
                0x00000001                ASSERT ((((appl_start + .) <= 0x10000) || 0x1), DMA Init must be within the first 64k of flash)
 *(.text .text.* .gnu.linkonce.t.*)
 .text          0x00000028       0x5c c:/program files (x86)/cypress/psoc creator/4.2/psoc creator/import/gnu/arm/5.4.1/bin/../lib/gcc/arm-none-eabi/5.4.1/armv7-m/crtbegin.o
 .text.ch1Transmit
                0x00000084       0x50 .\CortexM3\ARM_GCC_541\Debug\main.o
                0x00000084                ch1Transmit
 .text.ch2Transmit
                0x000000d4       0x54 .\CortexM3\ARM_GCC_541\Debug\main.o
                0x000000d4                ch2Transmit
 .text.potSample
                0x00000128       0x60 .\CortexM3\ARM_GCC_541\Debug\main.o
                0x00000128                potSample
 .text.DMA_setup
                0x00000188       0xd8 .\CortexM3\ARM_GCC_541\Debug\main.o
                0x00000188                DMA_setup
 .text.USB_setup
                0x00000260       0x1c .\CortexM3\ARM_GCC_541\Debug\main.o
                0x00000260                USB_setup
 .text.main     0x0000027c       0xbc .\CortexM3\ARM_GCC_541\Debug\main.o
                0x0000027c                main
 .text.CyClockStartupError
                0x00000338        0x4 .\CortexM3\ARM_GCC_541\Debug\cyfitter_cfg.o
 .text.cfg_write_bytes32
                0x0000033c       0x34 .\CortexM3\ARM_GCC_541\Debug\cyfitter_cfg.o
 .text.CYMEMZERO
                0x00000370        0xc .\CortexM3\ARM_GCC_541\Debug\cyfitter_cfg.o
 .text.AnalogSetDefault
                0x0000037c       0x9c .\CortexM3\ARM_GCC_541\Debug\cyfitter_cfg.o
 .text.CYCONFIGCPY
                0x00000418        0x8 .\CortexM3\ARM_GCC_541\Debug\cyfitter_cfg.o
 .text.ClockSetup
                0x00000420       0xf4 .\CortexM3\ARM_GCC_541\Debug\cyfitter_cfg.o
 .text.Mux_Set  0x00000514       0x34 .\CortexM3\ARM_GCC_541\Debug\cyfitter_cfg.o
                0x00000514                Mux_Set
 .text.Mux_Unset
                0x00000548       0x38 .\CortexM3\ARM_GCC_541\Debug\cyfitter_cfg.o
                0x00000548                Mux_Unset
 .text.ADC_POT_AMux_Set
                0x00000580       0x1c .\CortexM3\ARM_GCC_541\Debug\cyfitter_cfg.o
                0x00000580                ADC_POT_AMux_Set
 .text.ADC_POT_AMux_Unset
                0x0000059c       0x20 .\CortexM3\ARM_GCC_541\Debug\cyfitter_cfg.o
                0x0000059c                ADC_POT_AMux_Unset
 .text.cyfitter_cfg
                0x000005bc      0x16c .\CortexM3\ARM_GCC_541\Debug\cyfitter_cfg.o
                0x000005bc                cyfitter_cfg
 .text.IntDefaultHandler
                0x00000728       0x10 .\CortexM3\ARM_GCC_541\Debug\Cm3Start.o
                0x00000728                IntDefaultHandler
 .text.Start_c  0x00000738       0x4c .\CortexM3\ARM_GCC_541\Debug\Cm3Start.o
                0x00000738                Start_c
 .text.initialize_psoc
                0x00000784       0x6c .\CortexM3\ARM_GCC_541\Debug\Cm3Start.o
                0x00000784                initialize_psoc
 .text.USBFS_Init
                0x000007f0      0x168 .\CortexM3\ARM_GCC_541\Debug\Oscilloscope.a(USBFS.o)
                0x000007f0                USBFS_Init
 .text.USBFS_InitComponent
                0x00000958       0xd0 .\CortexM3\ARM_GCC_541\Debug\Oscilloscope.a(USBFS.o)
                0x00000958                USBFS_InitComponent
 .text.USBFS_Start
                0x00000a28       0x24 .\CortexM3\ARM_GCC_541\Debug\Oscilloscope.a(USBFS.o)
                0x00000a28                USBFS_Start
 .text.USBFS_ReInitComponent
                0x00000a4c       0x4c .\CortexM3\ARM_GCC_541\Debug\Oscilloscope.a(USBFS.o)
                0x00000a4c                USBFS_ReInitComponent
 .text.USBFS_GetConfiguration
                0x00000a98        0xc .\CortexM3\ARM_GCC_541\Debug\Oscilloscope.a(USBFS.o)
                0x00000a98                USBFS_GetConfiguration
 .text.USBFS_IsConfigurationChanged
                0x00000aa4       0x20 .\CortexM3\ARM_GCC_541\Debug\Oscilloscope.a(USBFS.o)
                0x00000aa4                USBFS_IsConfigurationChanged
 .text.USBFS_GetEPState
                0x00000ac4       0x14 .\CortexM3\ARM_GCC_541\Debug\Oscilloscope.a(USBFS.o)
                0x00000ac4                USBFS_GetEPState
 .text.USBFS_GetEPCount
                0x00000ad8       0x28 .\CortexM3\ARM_GCC_541\Debug\Oscilloscope.a(USBFS.o)
                0x00000ad8                USBFS_GetEPCount
 .text.USBFS_InitEP_DMA
                0x00000b00       0x88 .\CortexM3\ARM_GCC_541\Debug\Oscilloscope.a(USBFS.o)
                0x00000b00                USBFS_InitEP_DMA
 .text.USBFS_LoadInEP
                0x00000b88      0x104 .\CortexM3\ARM_GCC_541\Debug\Oscilloscope.a(USBFS.o)
                0x00000b88                USBFS_LoadInEP
 .text.USBFS_ReadOutEP
                0x00000c8c       0xb0 .\CortexM3\ARM_GCC_541\Debug\Oscilloscope.a(USBFS.o)
                0x00000c8c                USBFS_ReadOutEP
 .text.USBFS_EnableOutEP
                0x00000d3c       0x2c .\CortexM3\ARM_GCC_541\Debug\Oscilloscope.a(USBFS.o)
                0x00000d3c                USBFS_EnableOutEP
 .text.USBFS_LoadEP0
                0x00000d68       0x98 .\CortexM3\ARM_GCC_541\Debug\Oscilloscope.a(USBFS_drv.o)
                0x00000d68                USBFS_LoadEP0
 .text.USBFS_InitZeroLengthControlTransfer
                0x00000e00       0x34 .\CortexM3\ARM_GCC_541\Debug\Oscilloscope.a(USBFS_drv.o)
                0x00000e00                USBFS_InitZeroLengthControlTransfer
 .text.USBFS_ControlReadDataStage
                0x00000e34        0x8 .\CortexM3\ARM_GCC_541\Debug\Oscilloscope.a(USBFS_drv.o)
                0x00000e34                USBFS_ControlReadDataStage
 .text.USBFS_ControlWriteDataStage
                0x00000e3c       0x84 .\CortexM3\ARM_GCC_541\Debug\Oscilloscope.a(USBFS_drv.o)
                0x00000e3c                USBFS_ControlWriteDataStage
 .text.USBFS_InitNoDataControlTransfer
                0x00000ec0       0x2c .\CortexM3\ARM_GCC_541\Debug\Oscilloscope.a(USBFS_drv.o)
                0x00000ec0                USBFS_InitNoDataControlTransfer
 .text.USBFS_UpdateStatusBlock
                0x00000eec       0x24 .\CortexM3\ARM_GCC_541\Debug\Oscilloscope.a(USBFS_drv.o)
                0x00000eec                USBFS_UpdateStatusBlock
 .text.USBFS_HandleSetup
                0x00000f10       0x5c .\CortexM3\ARM_GCC_541\Debug\Oscilloscope.a(USBFS_drv.o)
                0x00000f10                USBFS_HandleSetup
 .text.USBFS_ControlReadStatusStage
                0x00000f6c       0x38 .\CortexM3\ARM_GCC_541\Debug\Oscilloscope.a(USBFS_drv.o)
                0x00000f6c                USBFS_ControlReadStatusStage
 .text.USBFS_HandleOUT
                0x00000fa4       0x38 .\CortexM3\ARM_GCC_541\Debug\Oscilloscope.a(USBFS_drv.o)
                0x00000fa4                USBFS_HandleOUT
 .text.USBFS_ControlWriteStatusStage
                0x00000fdc       0x20 .\CortexM3\ARM_GCC_541\Debug\Oscilloscope.a(USBFS_drv.o)
                0x00000fdc                USBFS_ControlWriteStatusStage
 .text.USBFS_NoDataControlStatusStage
                0x00000ffc       0x40 .\CortexM3\ARM_GCC_541\Debug\Oscilloscope.a(USBFS_drv.o)
                0x00000ffc                USBFS_NoDataControlStatusStage
 .text.USBFS_HandleIN
                0x0000103c       0x2c .\CortexM3\ARM_GCC_541\Debug\Oscilloscope.a(USBFS_drv.o)
                0x0000103c                USBFS_HandleIN
 .text.USBFS_EP_0_ISR
                0x00001068       0xb8 .\CortexM3\ARM_GCC_541\Debug\Oscilloscope.a(USBFS_drv.o)
                0x00001068                USBFS_EP_0_ISR
 .text.USBFS_InitializeStatusBlock
                0x00001120       0x24 .\CortexM3\ARM_GCC_541\Debug\Oscilloscope.a(USBFS_drv.o)
                0x00001120                USBFS_InitializeStatusBlock
 .text.USBFS_InitControlRead
                0x00001144       0x50 .\CortexM3\ARM_GCC_541\Debug\Oscilloscope.a(USBFS_drv.o)
                0x00001144                USBFS_InitControlRead
 .text.USBFS_EP_1_ISR
                0x00001194       0x30 .\CortexM3\ARM_GCC_541\Debug\Oscilloscope.a(USBFS_episr.o)
                0x00001194                USBFS_EP_1_ISR
 .text.USBFS_EP_2_ISR
                0x000011c4       0x34 .\CortexM3\ARM_GCC_541\Debug\Oscilloscope.a(USBFS_episr.o)
                0x000011c4                USBFS_EP_2_ISR
 .text.USBFS_EP_3_ISR
                0x000011f8       0x3c .\CortexM3\ARM_GCC_541\Debug\Oscilloscope.a(USBFS_episr.o)
                0x000011f8                USBFS_EP_3_ISR
 .text.USBFS_EP_4_ISR
                0x00001234       0x3c .\CortexM3\ARM_GCC_541\Debug\Oscilloscope.a(USBFS_episr.o)
                0x00001234                USBFS_EP_4_ISR
 .text.USBFS_BUS_RESET_ISR
                0x00001270        0x8 .\CortexM3\ARM_GCC_541\Debug\Oscilloscope.a(USBFS_episr.o)
                0x00001270                USBFS_BUS_RESET_ISR
 .text.USBFS_ARB_ISR
                0x00001278       0xa4 .\CortexM3\ARM_GCC_541\Debug\Oscilloscope.a(USBFS_episr.o)
                0x00001278                USBFS_ARB_ISR
 .text.USBFS_DP_ISR
                0x0000131c        0x8 .\CortexM3\ARM_GCC_541\Debug\Oscilloscope.a(USBFS_pm.o)
                0x0000131c                USBFS_DP_ISR
 .text.USBFS_ConfigReg
                0x00001324       0xa8 .\CortexM3\ARM_GCC_541\Debug\Oscilloscope.a(USBFS_std.o)
                0x00001324                USBFS_ConfigReg
 .text.USBFS_GetConfigTablePtr
                0x000013cc       0x28 .\CortexM3\ARM_GCC_541\Debug\Oscilloscope.a(USBFS_std.o)
                0x000013cc                USBFS_GetConfigTablePtr
 .text.USBFS_ConfigAltChanged
                0x000013f4      0x11c .\CortexM3\ARM_GCC_541\Debug\Oscilloscope.a(USBFS_std.o)
                0x000013f4                USBFS_ConfigAltChanged
 .text.USBFS_GetDeviceTablePtr
                0x00001510       0x18 .\CortexM3\ARM_GCC_541\Debug\Oscilloscope.a(USBFS_std.o)
                0x00001510                USBFS_GetDeviceTablePtr
 .text.USBFS_GetInterfaceClassTablePtr
                0x00001528       0x28 .\CortexM3\ARM_GCC_541\Debug\Oscilloscope.a(USBFS_std.o)
                0x00001528                USBFS_GetInterfaceClassTablePtr
 .text.USBFS_Config
                0x00001550      0x1c4 .\CortexM3\ARM_GCC_541\Debug\Oscilloscope.a(USBFS_std.o)
                0x00001550                USBFS_Config
 .text.USBFS_SetEndpointHalt
                0x00001714       0x64 .\CortexM3\ARM_GCC_541\Debug\Oscilloscope.a(USBFS_std.o)
                0x00001714                USBFS_SetEndpointHalt
 .text.USBFS_ClearEndpointHalt
                0x00001778       0xac .\CortexM3\ARM_GCC_541\Debug\Oscilloscope.a(USBFS_std.o)
                0x00001778                USBFS_ClearEndpointHalt
 .text.USBFS_ValidateAlternateSetting
                0x00001824       0x4c .\CortexM3\ARM_GCC_541\Debug\Oscilloscope.a(USBFS_std.o)
                0x00001824                USBFS_ValidateAlternateSetting
 .text.USBFS_HandleStandardRqst
                0x00001870      0x2c4 .\CortexM3\ARM_GCC_541\Debug\Oscilloscope.a(USBFS_std.o)
                0x00001870                USBFS_HandleStandardRqst
 .text.USBFS_HandleVendorRqst
                0x00001b34       0x18 .\CortexM3\ARM_GCC_541\Debug\Oscilloscope.a(USBFS_vnd.o)
                0x00001b34                USBFS_HandleVendorRqst
 .text.ADC_CH1_CalcGain
                0x00001b4c       0x64 .\CortexM3\ARM_GCC_541\Debug\Oscilloscope.a(ADC_CH1.o)
 .text.ADC_CH1_Enable
                0x00001bb0       0x94 .\CortexM3\ARM_GCC_541\Debug\Oscilloscope.a(ADC_CH1.o)
                0x00001bb0                ADC_CH1_Enable
 .text.ADC_CH1_SetResolution
                0x00001c44       0x38 .\CortexM3\ARM_GCC_541\Debug\Oscilloscope.a(ADC_CH1.o)
                0x00001c44                ADC_CH1_SetResolution
 .text.ADC_CH1_Init
                0x00001c7c       0x3c .\CortexM3\ARM_GCC_541\Debug\Oscilloscope.a(ADC_CH1.o)
                0x00001c7c                ADC_CH1_Init
 .text.ADC_CH1_Start
                0x00001cb8       0x1c .\CortexM3\ARM_GCC_541\Debug\Oscilloscope.a(ADC_CH1.o)
                0x00001cb8                ADC_CH1_Start
 .text.ADC_CH1_StartConvert
                0x00001cd4       0x10 .\CortexM3\ARM_GCC_541\Debug\Oscilloscope.a(ADC_CH1.o)
                0x00001cd4                ADC_CH1_StartConvert
 .text.ADC_CH1_StopConvert
                0x00001ce4       0x10 .\CortexM3\ARM_GCC_541\Debug\Oscilloscope.a(ADC_CH1.o)
                0x00001ce4                ADC_CH1_StopConvert
 .text.ADC_CH1_ISR
                0x00001cf4        0x4 .\CortexM3\ARM_GCC_541\Debug\Oscilloscope.a(ADC_CH1_INT.o)
                0x00001cf4                ADC_CH1_ISR
 .text.DMA_1_DmaInitialize
                0x00001cf8       0x3c .\CortexM3\ARM_GCC_541\Debug\Oscilloscope.a(DMA_1_dma.o)
                0x00001cf8                DMA_1_DmaInitialize
 .text.DMA_2_DmaInitialize
                0x00001d34       0x3c .\CortexM3\ARM_GCC_541\Debug\Oscilloscope.a(DMA_2_dma.o)
                0x00001d34                DMA_2_DmaInitialize
 .text.isr_1_SetVector
                0x00001d70        0xc .\CortexM3\ARM_GCC_541\Debug\Oscilloscope.a(isr_1.o)
                0x00001d70                isr_1_SetVector
 .text.isr_1_SetPriority
                0x00001d7c       0x10 .\CortexM3\ARM_GCC_541\Debug\Oscilloscope.a(isr_1.o)
                0x00001d7c                isr_1_SetPriority
 .text.isr_1_Enable
                0x00001d8c        0xc .\CortexM3\ARM_GCC_541\Debug\Oscilloscope.a(isr_1.o)
                0x00001d8c                isr_1_Enable
 .text.isr_1_Disable
                0x00001d98        0xc .\CortexM3\ARM_GCC_541\Debug\Oscilloscope.a(isr_1.o)
                0x00001d98                isr_1_Disable
 .text.isr_1_StartEx
                0x00001da4       0x1c .\CortexM3\ARM_GCC_541\Debug\Oscilloscope.a(isr_1.o)
                0x00001da4                isr_1_StartEx
 .text.isr_2_SetVector
                0x00001dc0        0xc .\CortexM3\ARM_GCC_541\Debug\Oscilloscope.a(isr_2.o)
                0x00001dc0                isr_2_SetVector
 .text.isr_2_SetPriority
                0x00001dcc       0x10 .\CortexM3\ARM_GCC_541\Debug\Oscilloscope.a(isr_2.o)
                0x00001dcc                isr_2_SetPriority
 .text.isr_2_Enable
                0x00001ddc        0xc .\CortexM3\ARM_GCC_541\Debug\Oscilloscope.a(isr_2.o)
                0x00001ddc                isr_2_Enable
 .text.isr_2_Disable
                0x00001de8        0xc .\CortexM3\ARM_GCC_541\Debug\Oscilloscope.a(isr_2.o)
                0x00001de8                isr_2_Disable
 .text.isr_2_StartEx
                0x00001df4       0x1c .\CortexM3\ARM_GCC_541\Debug\Oscilloscope.a(isr_2.o)
                0x00001df4                isr_2_StartEx
 .text.ADC_POT_GainCompensation
                0x00001e10       0xdc .\CortexM3\ARM_GCC_541\Debug\Oscilloscope.a(ADC_POT.o)
 .text.ADC_POT_SetDSMRef0Reg
                0x00001eec       0x4c .\CortexM3\ARM_GCC_541\Debug\Oscilloscope.a(ADC_POT.o)
 .text.ADC_POT_InitConfig
                0x00001f38       0xdc .\CortexM3\ARM_GCC_541\Debug\Oscilloscope.a(ADC_POT.o)
 .text.ADC_POT_Init
                0x00002014       0xc4 .\CortexM3\ARM_GCC_541\Debug\Oscilloscope.a(ADC_POT.o)
                0x00002014                ADC_POT_Init
 .text.ADC_POT_Enable
                0x000020d8       0xd8 .\CortexM3\ARM_GCC_541\Debug\Oscilloscope.a(ADC_POT.o)
                0x000020d8                ADC_POT_Enable
 .text.ADC_POT_Start
                0x000021b0       0x28 .\CortexM3\ARM_GCC_541\Debug\Oscilloscope.a(ADC_POT.o)
                0x000021b0                ADC_POT_Start
 .text.ADC_POT_StartConvert
                0x000021d8       0x10 .\CortexM3\ARM_GCC_541\Debug\Oscilloscope.a(ADC_POT.o)
                0x000021d8                ADC_POT_StartConvert
 .text.ADC_POT_StopConvert
                0x000021e8       0x10 .\CortexM3\ARM_GCC_541\Debug\Oscilloscope.a(ADC_POT.o)
                0x000021e8                ADC_POT_StopConvert
 .text.ADC_POT_IsEndConversion
                0x000021f8       0x30 .\CortexM3\ARM_GCC_541\Debug\Oscilloscope.a(ADC_POT.o)
                0x000021f8                ADC_POT_IsEndConversion
 .text.ADC_POT_GetResult8
                0x00002228       0x48 .\CortexM3\ARM_GCC_541\Debug\Oscilloscope.a(ADC_POT.o)
                0x00002228                ADC_POT_GetResult8
 .text.ADC_POT_Read8
                0x00002270       0x28 .\CortexM3\ARM_GCC_541\Debug\Oscilloscope.a(ADC_POT.o)
                0x00002270                ADC_POT_Read8
 .text.ADC_POT_ISR1
                0x00002298        0x4 .\CortexM3\ARM_GCC_541\Debug\Oscilloscope.a(ADC_POT_INT.o)
                0x00002298                ADC_POT_ISR1
 .text.Mux_Start
                0x0000229c       0x20 .\CortexM3\ARM_GCC_541\Debug\Oscilloscope.a(Mux.o)
                0x0000229c                Mux_Start
 .text.Mux_FastSelect
                0x000022bc       0x20 .\CortexM3\ARM_GCC_541\Debug\Oscilloscope.a(Mux.o)
                0x000022bc                Mux_FastSelect
 .text.Timer_1_Enable
                0x000022dc       0x10 .\CortexM3\ARM_GCC_541\Debug\Oscilloscope.a(Timer_1.o)
                0x000022dc                Timer_1_Enable
 .text.Timer_1_SetInterruptMode
                0x000022ec        0xc .\CortexM3\ARM_GCC_541\Debug\Oscilloscope.a(Timer_1.o)
                0x000022ec                Timer_1_SetInterruptMode
 .text.Timer_1_ReadStatusRegister
                0x000022f8        0xc .\CortexM3\ARM_GCC_541\Debug\Oscilloscope.a(Timer_1.o)
                0x000022f8                Timer_1_ReadStatusRegister
 .text.Timer_1_WritePeriod
                0x00002304       0x10 .\CortexM3\ARM_GCC_541\Debug\Oscilloscope.a(Timer_1.o)
                0x00002304                Timer_1_WritePeriod
 .text.Timer_1_ReadCapture
                0x00002314       0x10 .\CortexM3\ARM_GCC_541\Debug\Oscilloscope.a(Timer_1.o)
                0x00002314                Timer_1_ReadCapture
 .text.Timer_1_WriteCounter
                0x00002324       0x10 .\CortexM3\ARM_GCC_541\Debug\Oscilloscope.a(Timer_1.o)
                0x00002324                Timer_1_WriteCounter
 .text.Timer_1_ClearFIFO
                0x00002334       0x14 .\CortexM3\ARM_GCC_541\Debug\Oscilloscope.a(Timer_1.o)
                0x00002334                Timer_1_ClearFIFO
 .text.Timer_1_Init
                0x00002348       0x38 .\CortexM3\ARM_GCC_541\Debug\Oscilloscope.a(Timer_1.o)
                0x00002348                Timer_1_Init
 .text.Timer_1_Start
                0x00002380       0x1c .\CortexM3\ARM_GCC_541\Debug\Oscilloscope.a(Timer_1.o)
                0x00002380                Timer_1_Start
 .text.isr_pot_SetVector
                0x0000239c        0xc .\CortexM3\ARM_GCC_541\Debug\Oscilloscope.a(isr_pot.o)
                0x0000239c                isr_pot_SetVector
 .text.isr_pot_SetPriority
                0x000023a8       0x10 .\CortexM3\ARM_GCC_541\Debug\Oscilloscope.a(isr_pot.o)
                0x000023a8                isr_pot_SetPriority
 .text.isr_pot_Enable
                0x000023b8       0x10 .\CortexM3\ARM_GCC_541\Debug\Oscilloscope.a(isr_pot.o)
                0x000023b8                isr_pot_Enable
 .text.isr_pot_Disable
                0x000023c8       0x10 .\CortexM3\ARM_GCC_541\Debug\Oscilloscope.a(isr_pot.o)
                0x000023c8                isr_pot_Disable
 .text.isr_pot_StartEx
                0x000023d8       0x1c .\CortexM3\ARM_GCC_541\Debug\Oscilloscope.a(isr_pot.o)
                0x000023d8                isr_pot_StartEx
 .text.ADC_CH2_CalcGain
                0x000023f4       0x64 .\CortexM3\ARM_GCC_541\Debug\Oscilloscope.a(ADC_CH2.o)
 .text.ADC_CH2_Enable
                0x00002458       0x94 .\CortexM3\ARM_GCC_541\Debug\Oscilloscope.a(ADC_CH2.o)
                0x00002458                ADC_CH2_Enable
 .text.ADC_CH2_SetResolution
                0x000024ec       0x38 .\CortexM3\ARM_GCC_541\Debug\Oscilloscope.a(ADC_CH2.o)
                0x000024ec                ADC_CH2_SetResolution
 .text.ADC_CH2_Init
                0x00002524       0x3c .\CortexM3\ARM_GCC_541\Debug\Oscilloscope.a(ADC_CH2.o)
                0x00002524                ADC_CH2_Init
 .text.ADC_CH2_Start
                0x00002560       0x1c .\CortexM3\ARM_GCC_541\Debug\Oscilloscope.a(ADC_CH2.o)
                0x00002560                ADC_CH2_Start
 .text.ADC_CH2_StartConvert
                0x0000257c       0x10 .\CortexM3\ARM_GCC_541\Debug\Oscilloscope.a(ADC_CH2.o)
                0x0000257c                ADC_CH2_StartConvert
 .text.ADC_CH2_StopConvert
                0x0000258c       0x10 .\CortexM3\ARM_GCC_541\Debug\Oscilloscope.a(ADC_CH2.o)
                0x0000258c                ADC_CH2_StopConvert
 .text.ADC_CH2_ISR
                0x0000259c        0x4 .\CortexM3\ARM_GCC_541\Debug\Oscilloscope.a(ADC_CH2_INT.o)
                0x0000259c                ADC_CH2_ISR
 .text.USBFS_ep4_DmaInitialize
                0x000025a0       0x3c .\CortexM3\ARM_GCC_541\Debug\Oscilloscope.a(USBFS_ep4_dma.o)
                0x000025a0                USBFS_ep4_DmaInitialize
 .text.USBFS_ep3_DmaInitialize
                0x000025dc       0x3c .\CortexM3\ARM_GCC_541\Debug\Oscilloscope.a(USBFS_ep3_dma.o)
                0x000025dc                USBFS_ep3_DmaInitialize
 .text.USBFS_ep2_DmaInitialize
                0x00002618       0x3c .\CortexM3\ARM_GCC_541\Debug\Oscilloscope.a(USBFS_ep2_dma.o)
                0x00002618                USBFS_ep2_DmaInitialize
 .text.USBFS_ep1_DmaInitialize
                0x00002654       0x3c .\CortexM3\ARM_GCC_541\Debug\Oscilloscope.a(USBFS_ep1_dma.o)
                0x00002654                USBFS_ep1_DmaInitialize
 .text.USBFS_Dp_ClearInterrupt
                0x00002690       0x10 .\CortexM3\ARM_GCC_541\Debug\Oscilloscope.a(USBFS_Dp.o)
                0x00002690                USBFS_Dp_ClearInterrupt
 .text.ADC_CH1_theACLK_SetModeRegister
                0x000026a0       0x14 .\CortexM3\ARM_GCC_541\Debug\Oscilloscope.a(ADC_CH1_theACLK.o)
                0x000026a0                ADC_CH1_theACLK_SetModeRegister
 .text.ADC_POT_AMux_Start
                0x000026b4       0x20 .\CortexM3\ARM_GCC_541\Debug\Oscilloscope.a(ADC_POT_AMux.o)
                0x000026b4                ADC_POT_AMux_Start
 .text.ADC_POT_AMux_Select
                0x000026d4       0x18 .\CortexM3\ARM_GCC_541\Debug\Oscilloscope.a(ADC_POT_AMux.o)
                0x000026d4                ADC_POT_AMux_Select
 .text.ADC_POT_Ext_CP_Clk_GetDividerRegister
                0x000026ec        0xc .\CortexM3\ARM_GCC_541\Debug\Oscilloscope.a(ADC_POT_Ext_CP_Clk.o)
                0x000026ec                ADC_POT_Ext_CP_Clk_GetDividerRegister
 .text.ADC_POT_Ext_CP_Clk_SetModeRegister
                0x000026f8       0x14 .\CortexM3\ARM_GCC_541\Debug\Oscilloscope.a(ADC_POT_Ext_CP_Clk.o)
                0x000026f8                ADC_POT_Ext_CP_Clk_SetModeRegister
 .text.ADC_POT_Ext_CP_Clk_GetSourceRegister
                0x0000270c       0x10 .\CortexM3\ARM_GCC_541\Debug\Oscilloscope.a(ADC_POT_Ext_CP_Clk.o)
                0x0000270c                ADC_POT_Ext_CP_Clk_GetSourceRegister
 .text.ADC_POT_Ext_CP_Clk_SetDividerRegister
                0x0000271c       0xd8 .\CortexM3\ARM_GCC_541\Debug\Oscilloscope.a(ADC_POT_Ext_CP_Clk.o)
                0x0000271c                ADC_POT_Ext_CP_Clk_SetDividerRegister
 .text.ADC_POT_theACLK_GetDividerRegister
                0x000027f4        0xc .\CortexM3\ARM_GCC_541\Debug\Oscilloscope.a(ADC_POT_theACLK.o)
                0x000027f4                ADC_POT_theACLK_GetDividerRegister
 .text.ADC_POT_theACLK_SetModeRegister
                0x00002800       0x14 .\CortexM3\ARM_GCC_541\Debug\Oscilloscope.a(ADC_POT_theACLK.o)
                0x00002800                ADC_POT_theACLK_SetModeRegister
 .text.ADC_POT_theACLK_GetSourceRegister
                0x00002814       0x10 .\CortexM3\ARM_GCC_541\Debug\Oscilloscope.a(ADC_POT_theACLK.o)
                0x00002814                ADC_POT_theACLK_GetSourceRegister
 .text.ADC_POT_theACLK_SetDividerRegister
                0x00002824       0xdc .\CortexM3\ARM_GCC_541\Debug\Oscilloscope.a(ADC_POT_theACLK.o)
                0x00002824                ADC_POT_theACLK_SetDividerRegister
 .text.ADC_CH2_theACLK_SetModeRegister
                0x00002900       0x14 .\CortexM3\ARM_GCC_541\Debug\Oscilloscope.a(ADC_CH2_theACLK.o)
                0x00002900                ADC_CH2_theACLK_SetModeRegister
 .text.CyDmacConfigure
                0x00002914       0x34 .\CortexM3\ARM_GCC_541\Debug\Oscilloscope.a(CyDmac.o)
                0x00002914                CyDmacConfigure
 .text.CyDmaChEnable
                0x00002948       0x38 .\CortexM3\ARM_GCC_541\Debug\Oscilloscope.a(CyDmac.o)
                0x00002948                CyDmaChEnable
 .text.CyDmaChDisable
                0x00002980       0x24 .\CortexM3\ARM_GCC_541\Debug\Oscilloscope.a(CyDmac.o)
                0x00002980                CyDmaChDisable
 .text.CyDmaChPriority
                0x000029a4       0x24 .\CortexM3\ARM_GCC_541\Debug\Oscilloscope.a(CyDmac.o)
                0x000029a4                CyDmaChPriority
 .text.CyDmaChSetExtendedAddress
                0x000029c8       0x34 .\CortexM3\ARM_GCC_541\Debug\Oscilloscope.a(CyDmac.o)
                0x000029c8                CyDmaChSetExtendedAddress
 .text.CyDmaChSetInitialTd
                0x000029fc       0x18 .\CortexM3\ARM_GCC_541\Debug\Oscilloscope.a(CyDmac.o)
                0x000029fc                CyDmaChSetInitialTd
 .text.CyDmaChSetConfiguration
                0x00002a14       0x44 .\CortexM3\ARM_GCC_541\Debug\Oscilloscope.a(CyDmac.o)
                0x00002a14                CyDmaChSetConfiguration
 .text.CyDmaTdAllocate
                0x00002a58       0x34 .\CortexM3\ARM_GCC_541\Debug\Oscilloscope.a(CyDmac.o)
                0x00002a58                CyDmaTdAllocate
 .text.CyDmaTdSetConfiguration
                0x00002a8c       0x28 .\CortexM3\ARM_GCC_541\Debug\Oscilloscope.a(CyDmac.o)
                0x00002a8c                CyDmaTdSetConfiguration
 .text.CyDmaTdSetAddress
                0x00002ab4       0x1c .\CortexM3\ARM_GCC_541\Debug\Oscilloscope.a(CyDmac.o)
                0x00002ab4                CyDmaTdSetAddress
 .text.CyHalt   0x00002ad0        0x4 .\CortexM3\ARM_GCC_541\Debug\Oscilloscope.a(CyLib.o)
                0x00002ad0                CyHalt
 .text.CyDelayUs
                0x00002ad4       0x14 .\CortexM3\ARM_GCC_541\Debug\Oscilloscope.a(CyLib.o)
                0x00002ad4                CyDelayUs
 .text.CyIntSetVector
                0x00002ae8       0x28 .\CortexM3\ARM_GCC_541\Debug\Oscilloscope.a(CyLib.o)
                0x00002ae8                CyIntSetVector
 .text.CyIntSetPriority
                0x00002b10       0x30 .\CortexM3\ARM_GCC_541\Debug\Oscilloscope.a(CyLib.o)
                0x00002b10                CyIntSetPriority
 .text.CySetReg24
                0x00002b40       0x14 .\CortexM3\ARM_GCC_541\Debug\Oscilloscope.a(cyutils.o)
                0x00002b40                CySetReg24
 *fill*         0x00002b54        0x4 
 .text          0x00002b58       0x20 .\CortexM3\ARM_GCC_541\Debug\Oscilloscope.a(CyBootAsmGnu.o)
                0x00002b58                CyDelayCycles
                0x00002b68                CyEnterCriticalSection
                0x00002b70                CyExitCriticalSection
 .text.USBFS_DispatchClassRqst
                0x00002b78       0x38 .\CortexM3\ARM_GCC_541\Debug\Oscilloscope.a(USBFS_cls.o)
                0x00002b78                USBFS_DispatchClassRqst
 .text.__errno  0x00002bb0        0xc c:/program files (x86)/cypress/psoc creator/4.2/psoc creator/import/gnu/arm/5.4.1/bin/../lib/gcc/arm-none-eabi/5.4.1/../../../../arm-none-eabi/lib/armv7-m\libg_nano.a(lib_a-errno.o)
                0x00002bb0                __errno
 .text.__libc_init_array
                0x00002bbc       0x4c c:/program files (x86)/cypress/psoc creator/4.2/psoc creator/import/gnu/arm/5.4.1/bin/../lib/gcc/arm-none-eabi/5.4.1/../../../../arm-none-eabi/lib/armv7-m\libg_nano.a(lib_a-init.o)
                0x00002bbc                __libc_init_array
 .text.memcpy   0x00002c08       0x16 c:/program files (x86)/cypress/psoc creator/4.2/psoc creator/import/gnu/arm/5.4.1/bin/../lib/gcc/arm-none-eabi/5.4.1/../../../../arm-none-eabi/lib/armv7-m\libg_nano.a(lib_a-memcpy-stub.o)
                0x00002c08                memcpy
 .text.memset   0x00002c1e       0x10 c:/program files (x86)/cypress/psoc creator/4.2/psoc creator/import/gnu/arm/5.4.1/bin/../lib/gcc/arm-none-eabi/5.4.1/../../../../arm-none-eabi/lib/armv7-m\libg_nano.a(lib_a-memset.o)
                0x00002c1e                memset
 *(.plt)
 *(.gnu.warning)
 *(.glue_7t)
 .glue_7t       0x00002c2e        0x0 linker stubs
 *(.glue_7)
 .glue_7        0x00002c2e        0x0 linker stubs
 *(.vfp11_veneer)
 .vfp11_veneer  0x00002c2e        0x0 linker stubs
 *(.bootloader)
 *(.ARM.extab* .gnu.linkonce.armextab.*)
 *(.gcc_except_table)

.v4_bx          0x00002c30        0x0
 .v4_bx         0x00002c30        0x0 linker stubs

.iplt           0x00002c30        0x0
 .iplt          0x00002c30        0x0 c:/program files (x86)/cypress/psoc creator/4.2/psoc creator/import/gnu/arm/5.4.1/bin/../lib/gcc/arm-none-eabi/5.4.1/armv7-m/crtbegin.o

.eh_frame_hdr
 *(.eh_frame_hdr)

.eh_frame       0x00002c30        0x4
 *(.eh_frame)
 .eh_frame      0x00002c30        0x0 c:/program files (x86)/cypress/psoc creator/4.2/psoc creator/import/gnu/arm/5.4.1/bin/../lib/gcc/arm-none-eabi/5.4.1/armv7-m/crtbegin.o
 .eh_frame      0x00002c30        0x4 c:/program files (x86)/cypress/psoc creator/4.2/psoc creator/import/gnu/arm/5.4.1/bin/../lib/gcc/arm-none-eabi/5.4.1/armv7-m/crtend.o
                [!provide]                PROVIDE (__exidx_start, .)

.ARM.exidx
 *(.ARM.exidx* .gnu.linkonce.armexidx.*)
                0x00002c34                __exidx_end = .

.rodata         0x00002c34      0x12c
 *(.rodata .rodata.* .gnu.linkonce.r.*)
 .rodata        0x00002c34       0x4a .\CortexM3\ARM_GCC_541\Debug\cyfitter_cfg.o
                0x00002c34                Mux__addrTable
                0x00002c44                Mux__maskTable
                0x00002c48                ADC_POT_AMux__addrTable
                0x00002c50                ADC_POT_AMux__maskTable
 *fill*         0x00002c7e        0x2 
 .rodata        0x00002c80       0xa6 .\CortexM3\ARM_GCC_541\Debug\Oscilloscope.a(USBFS_descr.o)
                0x00002c80                USBFS_TABLE
                0x00002c88                USBFS_DEVICE0_TABLE
                0x00002ca0                USBFS_DEVICE0_CONFIGURATION0_TABLE
                0x00002cc0                USBFS_DEVICE0_CONFIGURATION0_INTERFACE_CLASS
                0x00002cc4                USBFS_DEVICE0_CONFIGURATION0_EP_SETTINGS_TABLE
                0x00002ce4                USBFS_DEVICE0_CONFIGURATION0_DESCR
                0x00002d14                USBFS_DEVICE0_DESCR
 .rodata.str1.1
                0x00002d26        0x2 c:/program files (x86)/cypress/psoc creator/4.2/psoc creator/import/gnu/arm/5.4.1/bin/../lib/gcc/arm-none-eabi/5.4.1/../../../../arm-none-eabi/lib/armv7-m\libg_nano.a(lib_a-impure.o)
                0x00002d28                . = ALIGN (0x4)
 *(.init)
 .init          0x00002d28        0x4 c:/program files (x86)/cypress/psoc creator/4.2/psoc creator/import/gnu/arm/5.4.1/bin/../lib/gcc/arm-none-eabi/5.4.1/armv7-m/crti.o
                0x00002d28                _init
 .init          0x00002d2c        0x8 c:/program files (x86)/cypress/psoc creator/4.2/psoc creator/import/gnu/arm/5.4.1/bin/../lib/gcc/arm-none-eabi/5.4.1/armv7-m/crtn.o
                0x00002d34                . = ALIGN (0x4)
                0x00002d34                __preinit_array_start = .
 *(.preinit_array)
                0x00002d34                __preinit_array_end = .
                0x00002d34                . = ALIGN (0x4)
                0x00002d34                __init_array_start = .
 *(SORT(.init_array.*))
 *(.init_array)
 .init_array    0x00002d34        0x4 c:/program files (x86)/cypress/psoc creator/4.2/psoc creator/import/gnu/arm/5.4.1/bin/../lib/gcc/arm-none-eabi/5.4.1/armv7-m/crtbegin.o
 .init_array    0x00002d38        0x4 .\CortexM3\ARM_GCC_541\Debug\Cm3Start.o
                0x00002d3c                __init_array_end = .
                0x00002d3c                . = ALIGN (0x4)
 *(.fini)
 .fini          0x00002d3c        0x4 c:/program files (x86)/cypress/psoc creator/4.2/psoc creator/import/gnu/arm/5.4.1/bin/../lib/gcc/arm-none-eabi/5.4.1/armv7-m/crti.o
                0x00002d3c                _fini
 .fini          0x00002d40        0x8 c:/program files (x86)/cypress/psoc creator/4.2/psoc creator/import/gnu/arm/5.4.1/bin/../lib/gcc/arm-none-eabi/5.4.1/armv7-m/crtn.o
                0x00002d48                . = ALIGN (0x4)
                0x00002d48                __fini_array_start = .
 *(.fini_array)
 .fini_array    0x00002d48        0x4 c:/program files (x86)/cypress/psoc creator/4.2/psoc creator/import/gnu/arm/5.4.1/bin/../lib/gcc/arm-none-eabi/5.4.1/armv7-m/crtbegin.o
 *(SORT(.fini_array.*))
                0x00002d4c                __fini_array_end = .
                0x00002d4c                . = ALIGN (0x4)
 *crtbegin.o(.ctors)
 *(EXCLUDE_FILE(*crtend.o) .ctors)
 *(SORT(.ctors.*))
 *crtend.o(.ctors)
                0x00002d4c                . = ALIGN (0x4)
 *crtbegin.o(.dtors)
 *(EXCLUDE_FILE(*crtend.o) .dtors)
 *(SORT(.dtors.*))
 *crtend.o(.dtors)
                0x00002d4c                . = ALIGN (0x4)
                0x00002d4c                __cy_regions = .
                0x00002d4c        0x4 LONG 0x2d60 __cy_region_init_ram
                0x00002d50        0x4 LONG 0x1fff80c8 __cy_region_start_data
                0x00002d54        0x4 LONG 0x90 __cy_region_init_size_ram
                0x00002d58        0x4 LONG 0x250 __cy_region_zero_size_ram
                0x00002d5c                __cy_regions_end = .
                0x00002d60                . = ALIGN (0x8)
 *fill*         0x00002d5c        0x4 
                0x00002d60                _etext = .

.cy_checksum_exclude
                0x00002d60        0x0
 *(.cy_checksum_exclude)

.ramvectors     0x1fff8000       0xc0
                0x1fff8000                __cy_region_start_ram = .
 *(.ramvectors)
 .ramvectors    0x1fff8000       0xc0 .\CortexM3\ARM_GCC_541\Debug\Cm3Start.o
                0x1fff8000                CyRamVectors

.noinit         0x1fff80c0        0x1
 *(.noinit)
 .noinit        0x1fff80c0        0x1 .\CortexM3\ARM_GCC_541\Debug\Oscilloscope.a(CyLib.o)
                0x1fff80c0                CyResetStatus

.data           0x1fff80c8       0x90 load address 0x00002d60
                0x1fff80c8                __cy_region_start_data = .
 *(.jcr)
 .jcr           0x1fff80c8        0x0 c:/program files (x86)/cypress/psoc creator/4.2/psoc creator/import/gnu/arm/5.4.1/bin/../lib/gcc/arm-none-eabi/5.4.1/armv7-m/crtbegin.o
 .jcr           0x1fff80c8        0x4 c:/program files (x86)/cypress/psoc creator/4.2/psoc creator/import/gnu/arm/5.4.1/bin/../lib/gcc/arm-none-eabi/5.4.1/armv7-m/crtend.o
 *(.got.plt)
 *(.got)
 *(.shdata)
 *(.data .data.* .gnu.linkonce.d.*)
 .data          0x1fff80cc        0x2 .\CortexM3\ARM_GCC_541\Debug\main.o
                0x1fff80cc                ch1Flag
                0x1fff80cd                ch2Flag
 .data          0x1fff80ce        0x1 .\CortexM3\ARM_GCC_541\Debug\Oscilloscope.a(DMA_1_dma.o)
                0x1fff80ce                DMA_1_DmaHandle
 .data          0x1fff80cf        0x1 .\CortexM3\ARM_GCC_541\Debug\Oscilloscope.a(DMA_2_dma.o)
                0x1fff80cf                DMA_2_DmaHandle
 .data          0x1fff80d0        0x1 .\CortexM3\ARM_GCC_541\Debug\Oscilloscope.a(ADC_POT.o)
                0x1fff80d0                ADC_POT_Config
 .data          0x1fff80d1        0x1 .\CortexM3\ARM_GCC_541\Debug\Oscilloscope.a(Mux.o)
 .data          0x1fff80d2        0x1 .\CortexM3\ARM_GCC_541\Debug\Oscilloscope.a(USBFS_ep4_dma.o)
                0x1fff80d2                USBFS_ep4_DmaHandle
 .data          0x1fff80d3        0x1 .\CortexM3\ARM_GCC_541\Debug\Oscilloscope.a(USBFS_ep3_dma.o)
                0x1fff80d3                USBFS_ep3_DmaHandle
 .data          0x1fff80d4        0x1 .\CortexM3\ARM_GCC_541\Debug\Oscilloscope.a(USBFS_ep2_dma.o)
                0x1fff80d4                USBFS_ep2_DmaHandle
 .data          0x1fff80d5        0x1 .\CortexM3\ARM_GCC_541\Debug\Oscilloscope.a(USBFS_ep1_dma.o)
                0x1fff80d5                USBFS_ep1_DmaHandle
 .data          0x1fff80d6        0x1 .\CortexM3\ARM_GCC_541\Debug\Oscilloscope.a(ADC_POT_AMux.o)
 *fill*         0x1fff80d7        0x1 
 .data          0x1fff80d8        0x8 .\CortexM3\ARM_GCC_541\Debug\Oscilloscope.a(CyDmac.o)
 .data          0x1fff80e0       0x10 .\CortexM3\ARM_GCC_541\Debug\Oscilloscope.a(CyLib.o)
                0x1fff80e0                cydelay_32k_ms
                0x1fff80e4                cydelay_freq_khz
                0x1fff80e8                cydelay_freq_mhz
                0x1fff80ec                cydelay_freq_hz
 .data.impure_data
                0x1fff80f0       0x60 c:/program files (x86)/cypress/psoc creator/4.2/psoc creator/import/gnu/arm/5.4.1/bin/../lib/gcc/arm-none-eabi/5.4.1/../../../../arm-none-eabi/lib/armv7-m\libg_nano.a(lib_a-impure.o)
 .data._impure_ptr
                0x1fff8150        0x4 c:/program files (x86)/cypress/psoc creator/4.2/psoc creator/import/gnu/arm/5.4.1/bin/../lib/gcc/arm-none-eabi/5.4.1/../../../../arm-none-eabi/lib/armv7-m\libg_nano.a(lib_a-impure.o)
                0x1fff8150                _impure_ptr
                0x1fff8158                . = ALIGN (0x8)
 *fill*         0x1fff8154        0x4 
 *(.ram)
                0x1fff8158                _edata = .

.igot.plt       0x1fff8158        0x0 load address 0x00002df0
 .igot.plt      0x1fff8158        0x0 c:/program files (x86)/cypress/psoc creator/4.2/psoc creator/import/gnu/arm/5.4.1/bin/../lib/gcc/arm-none-eabi/5.4.1/armv7-m/crtbegin.o

.bss            0x1fff8158      0x250 load address 0x00002df0
                0x1fff8158                PROVIDE (__bss_start__, .)
 *(.shbss)
 *(.bss .bss.* .gnu.linkonce.b.*)
 .bss           0x1fff8158       0x1c c:/program files (x86)/cypress/psoc creator/4.2/psoc creator/import/gnu/arm/5.4.1/bin/../lib/gcc/arm-none-eabi/5.4.1/armv7-m/crtbegin.o
 .bss           0x1fff8174        0x4 .\CortexM3\ARM_GCC_541\Debug\main.o
                0x1fff8174                val1
                0x1fff8175                val2
                0x1fff8176                val1Old
                0x1fff8177                val2Old
 .bss           0x1fff8178        0x1 .\CortexM3\ARM_GCC_541\Debug\Oscilloscope.a(USBFS.o)
                0x1fff8178                USBFS_initVar
 *fill*         0x1fff8179        0x3 
 .bss           0x1fff817c        0x2 .\CortexM3\ARM_GCC_541\Debug\Oscilloscope.a(USBFS_std.o)
 .bss           0x1fff817e        0x1 .\CortexM3\ARM_GCC_541\Debug\Oscilloscope.a(ADC_CH1.o)
                0x1fff817e                ADC_CH1_initVar
 *fill*         0x1fff817f        0x1 
 .bss           0x1fff8180        0xc .\CortexM3\ARM_GCC_541\Debug\Oscilloscope.a(ADC_POT.o)
                0x1fff8184                ADC_POT_stopConversion
                0x1fff8185                ADC_POT_convDone
                0x1fff8186                ADC_POT_initVar
                0x1fff8187                ADC_POT_started
                0x1fff8188                ADC_POT_Offset
 .bss           0x1fff818c        0x1 .\CortexM3\ARM_GCC_541\Debug\Oscilloscope.a(Timer_1.o)
                0x1fff818c                Timer_1_initVar
 .bss           0x1fff818d        0x1 .\CortexM3\ARM_GCC_541\Debug\Oscilloscope.a(ADC_CH2.o)
                0x1fff818d                ADC_CH2_initVar
 *(COMMON)
 *fill*         0x1fff818e        0x2 
 COMMON         0x1fff8190      0x148 .\CortexM3\ARM_GCC_541\Debug\main.o
                0x1fff8190                potVals
                0x1fff8194                ch2Pong
                0x1fff81d4                ch1Ping
                0x1fff8214                buffer
                0x1fff8254                ch2Ping
                0x1fff8294                piEnable
                0x1fff8298                ch1Pong
 COMMON         0x1fff82d8       0x15 .\CortexM3\ARM_GCC_541\Debug\Oscilloscope.a(USBFS.o)
                0x1fff82d8                USBFS_DmaChan
                0x1fff82e4                USBFS_DmaTd
 *fill*         0x1fff82ed        0x3 
 COMMON         0x1fff82f0       0x98 .\CortexM3\ARM_GCC_541\Debug\Oscilloscope.a(USBFS_drv.o)
                0x1fff82f0                USBFS_deviceAddress
                0x1fff82f1                USBFS_ep0Mode
                0x1fff82f4                USBFS_interfaceSetting
                0x1fff82f8                USBFS_currentTD
                0x1fff8304                USBFS_device
                0x1fff8305                USBFS_interfaceNumber
                0x1fff8306                USBFS_ep0Toggle
                0x1fff8307                USBFS_deviceStatus
                0x1fff8308                USBFS_configurationChanged
                0x1fff8309                USBFS_configuration
                0x1fff830a                USBFS_transferState
                0x1fff830c                USBFS_interfaceStatus
                0x1fff8310                USBFS_interfaceClass
                0x1fff8314                USBFS_EP
                0x1fff8380                USBFS_lastPacketSize
                0x1fff8381                USBFS_ep0Count
                0x1fff8384                USBFS_interfaceSettingLast
                0x1fff8386                USBFS_transferByteCount
 COMMON         0x1fff8388        0xc .\CortexM3\ARM_GCC_541\Debug\Oscilloscope.a(ADC_CH1.o)
                0x1fff8388                ADC_CH1_countsPerVolt
                0x1fff838c                ADC_CH1_countsPer10Volt
                0x1fff8390                ADC_CH1_offset
                0x1fff8392                ADC_CH1_shift
 COMMON         0x1fff8394        0x4 .\CortexM3\ARM_GCC_541\Debug\Oscilloscope.a(ADC_POT.o)
                0x1fff8394                ADC_POT_CountsPerVolt
 COMMON         0x1fff8398        0xa .\CortexM3\ARM_GCC_541\Debug\Oscilloscope.a(ADC_CH2.o)
                0x1fff8398                ADC_CH2_countsPer10Volt
                0x1fff839c                ADC_CH2_shift
                0x1fff839e                ADC_CH2_countsPerVolt
                0x1fff83a0                ADC_CH2_offset
                0x1fff83a8                . = ALIGN (0x8)
 *fill*         0x1fff83a2        0x6 
 *(.ram.b)
                0x1fff83a8                _end = .
                0x1fff83a8                __end = .
                0x1fff83a8                PROVIDE (end, .)
                0x1fff83a8                PROVIDE (__bss_end__, .)
                0x00002d60                __cy_region_init_ram = LOADADDR (.data)
                0x00000090                __cy_region_init_size_ram = (_edata - ADDR (.data))
                0x00000250                __cy_region_zero_size_ram = (_end - _edata)

.heap           0x1fff83a8       0x80 load address 0x00002df0
                0x1fff83a8                . = _end
                0x1fff8428                . = (. + 0x80)
 *fill*         0x1fff83a8       0x80 
                0x1fff8428                __cy_heap_limit = .

.stack          0x20007800      0x800
                0x20007800                __cy_stack_limit = .
                0x20008000                . = (. + 0x800)
 *fill*         0x20007800      0x800 
                0x00000001                ASSERT ((__cy_stack_limit >= __cy_heap_limit), region RAM overflowed with stack)
                0x00000000                cy_checksum_exclude_size = (CY_APPL_LOADABLE == 0x1)?SIZEOF (.cy_checksum_exclude):0x0
                0x00000001                ASSERT ((cy_checksum_exclude_size <= CY_CHECKSUM_EXCLUDE_SIZE), CY_BOOT: Section .cy_checksum_exclude size exceedes specified limit.)

.cyloadermeta
 *(.cyloadermeta)

.cyloadablemeta
 *(.cyloadablemeta)

.cyconfigecc    0x80000000      0x270
 *(.cyconfigecc)
 .cyconfigecc   0x80000000      0x270 .\CortexM3\ARM_GCC_541\Debug\cymetadata.o
                0x80000000                cy_meta_configecc

.cycustnvl      0x90000000        0x4
 *(.cycustnvl)
 .cycustnvl     0x90000000        0x4 .\CortexM3\ARM_GCC_541\Debug\cymetadata.o
                0x90000000                cy_meta_custnvl

.cywolatch      0x90100000        0x4
 *(.cywolatch)
 .cywolatch     0x90100000        0x4 .\CortexM3\ARM_GCC_541\Debug\cymetadata.o
                0x90100000                cy_meta_wonvl

.cyeeprom       0x90200000        0x0
 *(.cyeeprom)
                0x00000001                ASSERT ((. <= ((0x90200000 + ee_offset) + ee_size)), .cyeeprom data will not fit in EEPROM)

.cyflashprotect
                0x90400000      0x100
 *(.cyflashprotect)
 .cyflashprotect
                0x90400000      0x100 .\CortexM3\ARM_GCC_541\Debug\cymetadata.o
                0x90400000                cy_meta_flashprotect

.cymeta         0x90500000        0xc
 *(.cymeta)
 .cymeta        0x90500000        0xc .\CortexM3\ARM_GCC_541\Debug\cymetadata.o
                0x90500000                cy_metadata

.rel.dyn        0x00002df0        0x0 load address 0x9050000c
 .rel.iplt      0x00002df0        0x0 c:/program files (x86)/cypress/psoc creator/4.2/psoc creator/import/gnu/arm/5.4.1/bin/../lib/gcc/arm-none-eabi/5.4.1/armv7-m/crtbegin.o

.stab
 *(.stab)

.stabstr
 *(.stabstr)

.debug
 *(.debug)

.line
 *(.line)

.debug_srcinfo
 *(.debug_srcinfo)

.debug_sfnames
 *(.debug_sfnames)

.debug_aranges  0x00000000     0x1188
 *(.debug_aranges)
 .debug_aranges
                0x00000000       0x48 .\CortexM3\ARM_GCC_541\Debug\main.o
 .debug_aranges
                0x00000048       0x78 .\CortexM3\ARM_GCC_541\Debug\cyfitter_cfg.o
 .debug_aranges
                0x000000c0       0x18 .\CortexM3\ARM_GCC_541\Debug\cymetadata.o
 .debug_aranges
                0x000000d8       0x48 .\CortexM3\ARM_GCC_541\Debug\Cm3Start.o
 .debug_aranges
                0x00000120       0xd8 .\CortexM3\ARM_GCC_541\Debug\Oscilloscope.a(USBFS.o)
 .debug_aranges
                0x000001f8       0x98 .\CortexM3\ARM_GCC_541\Debug\Oscilloscope.a(USBFS_drv.o)
 .debug_aranges
                0x00000290       0x48 .\CortexM3\ARM_GCC_541\Debug\Oscilloscope.a(USBFS_episr.o)
 .debug_aranges
                0x000002d8       0x40 .\CortexM3\ARM_GCC_541\Debug\Oscilloscope.a(USBFS_pm.o)
 .debug_aranges
                0x00000318       0x78 .\CortexM3\ARM_GCC_541\Debug\Oscilloscope.a(USBFS_std.o)
 .debug_aranges
                0x00000390       0x20 .\CortexM3\ARM_GCC_541\Debug\Oscilloscope.a(USBFS_vnd.o)
 .debug_aranges
                0x000003b0       0xa8 .\CortexM3\ARM_GCC_541\Debug\Oscilloscope.a(ADC_CH1.o)
 .debug_aranges
                0x00000458       0x20 .\CortexM3\ARM_GCC_541\Debug\Oscilloscope.a(ADC_CH1_INT.o)
 .debug_aranges
                0x00000478       0x28 .\CortexM3\ARM_GCC_541\Debug\Oscilloscope.a(DMA_1_dma.o)
 .debug_aranges
                0x000004a0       0x28 .\CortexM3\ARM_GCC_541\Debug\Oscilloscope.a(DMA_2_dma.o)
 .debug_aranges
                0x000004c8       0x80 .\CortexM3\ARM_GCC_541\Debug\Oscilloscope.a(isr_1.o)
 .debug_aranges
                0x00000548       0x80 .\CortexM3\ARM_GCC_541\Debug\Oscilloscope.a(isr_2.o)
 .debug_aranges
                0x000005c8       0xe8 .\CortexM3\ARM_GCC_541\Debug\Oscilloscope.a(ADC_POT.o)
 .debug_aranges
                0x000006b0       0x38 .\CortexM3\ARM_GCC_541\Debug\Oscilloscope.a(ADC_POT_INT.o)
 .debug_aranges
                0x000006e8       0x30 .\CortexM3\ARM_GCC_541\Debug\Oscilloscope.a(Mux.o)
 .debug_aranges
                0x00000718       0x90 .\CortexM3\ARM_GCC_541\Debug\Oscilloscope.a(Timer_1.o)
 .debug_aranges
                0x000007a8       0x80 .\CortexM3\ARM_GCC_541\Debug\Oscilloscope.a(isr_pot.o)
 .debug_aranges
                0x00000828       0xa8 .\CortexM3\ARM_GCC_541\Debug\Oscilloscope.a(ADC_CH2.o)
 .debug_aranges
                0x000008d0       0x20 .\CortexM3\ARM_GCC_541\Debug\Oscilloscope.a(ADC_CH2_INT.o)
 .debug_aranges
                0x000008f0       0x28 .\CortexM3\ARM_GCC_541\Debug\Oscilloscope.a(USBFS_ep4_dma.o)
 .debug_aranges
                0x00000918       0x28 .\CortexM3\ARM_GCC_541\Debug\Oscilloscope.a(USBFS_ep3_dma.o)
 .debug_aranges
                0x00000940       0x28 .\CortexM3\ARM_GCC_541\Debug\Oscilloscope.a(USBFS_ep2_dma.o)
 .debug_aranges
                0x00000968       0x28 .\CortexM3\ARM_GCC_541\Debug\Oscilloscope.a(USBFS_ep1_dma.o)
 .debug_aranges
                0x00000990       0x48 .\CortexM3\ARM_GCC_541\Debug\Oscilloscope.a(USBFS_Dp.o)
 .debug_aranges
                0x000009d8       0x80 .\CortexM3\ARM_GCC_541\Debug\Oscilloscope.a(ADC_CH1_theACLK.o)
 .debug_aranges
                0x00000a58       0x30 .\CortexM3\ARM_GCC_541\Debug\Oscilloscope.a(ADC_POT_AMux.o)
 .debug_aranges
                0x00000a88       0x70 .\CortexM3\ARM_GCC_541\Debug\Oscilloscope.a(ADC_POT_Ext_CP_Clk.o)
 .debug_aranges
                0x00000af8       0x80 .\CortexM3\ARM_GCC_541\Debug\Oscilloscope.a(ADC_POT_theACLK.o)
 .debug_aranges
                0x00000b78       0x80 .\CortexM3\ARM_GCC_541\Debug\Oscilloscope.a(ADC_CH2_theACLK.o)
 .debug_aranges
                0x00000bf8       0xd8 .\CortexM3\ARM_GCC_541\Debug\Oscilloscope.a(CyDmac.o)
 .debug_aranges
                0x00000cd0      0x2a0 .\CortexM3\ARM_GCC_541\Debug\Oscilloscope.a(CyLib.o)
 .debug_aranges
                0x00000f70       0x98 .\CortexM3\ARM_GCC_541\Debug\Oscilloscope.a(cyPm.o)
 .debug_aranges
                0x00001008       0x20 .\CortexM3\ARM_GCC_541\Debug\Oscilloscope.a(cyutils.o)
 .debug_aranges
                0x00001028       0x20 .\CortexM3\ARM_GCC_541\Debug\Oscilloscope.a(CyBootAsmGnu.o)
 .debug_aranges
                0x00001048       0x20 .\CortexM3\ARM_GCC_541\Debug\Oscilloscope.a(USBFS_cls.o)
 .debug_aranges
                0x00001068       0x18 .\CortexM3\ARM_GCC_541\Debug\Oscilloscope.a(USBFS_descr.o)
 .debug_aranges
                0x00001080       0x88 .\CortexM3\ARM_GCC_541\Debug\Oscilloscope.a(CyFlash.o)
 .debug_aranges
                0x00001108       0x80 .\CortexM3\ARM_GCC_541\Debug\Oscilloscope.a(CySpc.o)

.debug_pubnames
 *(.debug_pubnames)

.debug_info     0x00000000     0xac9b
 *(.debug_info .gnu.linkonce.wi.*)
 .debug_info    0x00000000      0x863 .\CortexM3\ARM_GCC_541\Debug\main.o
 .debug_info    0x00000863      0x776 .\CortexM3\ARM_GCC_541\Debug\cyfitter_cfg.o
 .debug_info    0x00000fd9      0x135 .\CortexM3\ARM_GCC_541\Debug\cymetadata.o
 .debug_info    0x0000110e      0x3cf .\CortexM3\ARM_GCC_541\Debug\Cm3Start.o
 .debug_info    0x000014dd      0xc46 .\CortexM3\ARM_GCC_541\Debug\Oscilloscope.a(USBFS.o)
 .debug_info    0x00002123      0x655 .\CortexM3\ARM_GCC_541\Debug\Oscilloscope.a(USBFS_drv.o)
 .debug_info    0x00002778      0x369 .\CortexM3\ARM_GCC_541\Debug\Oscilloscope.a(USBFS_episr.o)
 .debug_info    0x00002ae1      0x303 .\CortexM3\ARM_GCC_541\Debug\Oscilloscope.a(USBFS_pm.o)
 .debug_info    0x00002de4      0x997 .\CortexM3\ARM_GCC_541\Debug\Oscilloscope.a(USBFS_std.o)
 .debug_info    0x0000377b       0xed .\CortexM3\ARM_GCC_541\Debug\Oscilloscope.a(USBFS_vnd.o)
 .debug_info    0x00003868      0x5c0 .\CortexM3\ARM_GCC_541\Debug\Oscilloscope.a(ADC_CH1.o)
 .debug_info    0x00003e28       0x92 .\CortexM3\ARM_GCC_541\Debug\Oscilloscope.a(ADC_CH1_INT.o)
 .debug_info    0x00003eba      0x1a8 .\CortexM3\ARM_GCC_541\Debug\Oscilloscope.a(DMA_1_dma.o)
 .debug_info    0x00004062      0x1a8 .\CortexM3\ARM_GCC_541\Debug\Oscilloscope.a(DMA_2_dma.o)
 .debug_info    0x0000420a      0x2d2 .\CortexM3\ARM_GCC_541\Debug\Oscilloscope.a(isr_1.o)
 .debug_info    0x000044dc      0x2d2 .\CortexM3\ARM_GCC_541\Debug\Oscilloscope.a(isr_2.o)
 .debug_info    0x000047ae      0xa1c .\CortexM3\ARM_GCC_541\Debug\Oscilloscope.a(ADC_POT.o)
 .debug_info    0x000051ca       0xd3 .\CortexM3\ARM_GCC_541\Debug\Oscilloscope.a(ADC_POT_INT.o)
 .debug_info    0x0000529d      0x165 .\CortexM3\ARM_GCC_541\Debug\Oscilloscope.a(Mux.o)
 .debug_info    0x00005402      0x332 .\CortexM3\ARM_GCC_541\Debug\Oscilloscope.a(Timer_1.o)
 .debug_info    0x00005734      0x2d2 .\CortexM3\ARM_GCC_541\Debug\Oscilloscope.a(isr_pot.o)
 .debug_info    0x00005a06      0x5c0 .\CortexM3\ARM_GCC_541\Debug\Oscilloscope.a(ADC_CH2.o)
 .debug_info    0x00005fc6       0x92 .\CortexM3\ARM_GCC_541\Debug\Oscilloscope.a(ADC_CH2_INT.o)
 .debug_info    0x00006058      0x1a7 .\CortexM3\ARM_GCC_541\Debug\Oscilloscope.a(USBFS_ep4_dma.o)
 .debug_info    0x000061ff      0x1a8 .\CortexM3\ARM_GCC_541\Debug\Oscilloscope.a(USBFS_ep3_dma.o)
 .debug_info    0x000063a7      0x1a7 .\CortexM3\ARM_GCC_541\Debug\Oscilloscope.a(USBFS_ep2_dma.o)
 .debug_info    0x0000654e      0x1aa .\CortexM3\ARM_GCC_541\Debug\Oscilloscope.a(USBFS_ep1_dma.o)
 .debug_info    0x000066f8      0x174 .\CortexM3\ARM_GCC_541\Debug\Oscilloscope.a(USBFS_Dp.o)
 .debug_info    0x0000686c      0x2c4 .\CortexM3\ARM_GCC_541\Debug\Oscilloscope.a(ADC_CH1_theACLK.o)
 .debug_info    0x00006b30      0x165 .\CortexM3\ARM_GCC_541\Debug\Oscilloscope.a(ADC_POT_AMux.o)
 .debug_info    0x00006c95      0x283 .\CortexM3\ARM_GCC_541\Debug\Oscilloscope.a(ADC_POT_Ext_CP_Clk.o)
 .debug_info    0x00006f18      0x2c4 .\CortexM3\ARM_GCC_541\Debug\Oscilloscope.a(ADC_POT_theACLK.o)
 .debug_info    0x000071dc      0x2c4 .\CortexM3\ARM_GCC_541\Debug\Oscilloscope.a(ADC_CH2_theACLK.o)
 .debug_info    0x000074a0      0x94e .\CortexM3\ARM_GCC_541\Debug\Oscilloscope.a(CyDmac.o)
 .debug_info    0x00007dee     0x1374 .\CortexM3\ARM_GCC_541\Debug\Oscilloscope.a(CyLib.o)
 .debug_info    0x00009162      0xa2a .\CortexM3\ARM_GCC_541\Debug\Oscilloscope.a(cyPm.o)
 .debug_info    0x00009b8c       0xee .\CortexM3\ARM_GCC_541\Debug\Oscilloscope.a(cyutils.o)
 .debug_info    0x00009c7a       0x92 .\CortexM3\ARM_GCC_541\Debug\Oscilloscope.a(CyBootAsmGnu.o)
 .debug_info    0x00009d0c      0x1ad .\CortexM3\ARM_GCC_541\Debug\Oscilloscope.a(USBFS_cls.o)
 .debug_info    0x00009eb9      0x245 .\CortexM3\ARM_GCC_541\Debug\Oscilloscope.a(USBFS_descr.o)
 .debug_info    0x0000a0fe      0x64d .\CortexM3\ARM_GCC_541\Debug\Oscilloscope.a(CyFlash.o)
 .debug_info    0x0000a74b      0x550 .\CortexM3\ARM_GCC_541\Debug\Oscilloscope.a(CySpc.o)

.debug_abbrev   0x00000000     0x3001
 *(.debug_abbrev)
 .debug_abbrev  0x00000000      0x157 .\CortexM3\ARM_GCC_541\Debug\main.o
 .debug_abbrev  0x00000157      0x21e .\CortexM3\ARM_GCC_541\Debug\cyfitter_cfg.o
 .debug_abbrev  0x00000375       0x66 .\CortexM3\ARM_GCC_541\Debug\cymetadata.o
 .debug_abbrev  0x000003db      0x1e8 .\CortexM3\ARM_GCC_541\Debug\Cm3Start.o
 .debug_abbrev  0x000005c3      0x212 .\CortexM3\ARM_GCC_541\Debug\Oscilloscope.a(USBFS.o)
 .debug_abbrev  0x000007d5      0x189 .\CortexM3\ARM_GCC_541\Debug\Oscilloscope.a(USBFS_drv.o)
 .debug_abbrev  0x0000095e      0x139 .\CortexM3\ARM_GCC_541\Debug\Oscilloscope.a(USBFS_episr.o)
 .debug_abbrev  0x00000a97      0x119 .\CortexM3\ARM_GCC_541\Debug\Oscilloscope.a(USBFS_pm.o)
 .debug_abbrev  0x00000bb0      0x1d8 .\CortexM3\ARM_GCC_541\Debug\Oscilloscope.a(USBFS_std.o)
 .debug_abbrev  0x00000d88       0x9b .\CortexM3\ARM_GCC_541\Debug\Oscilloscope.a(USBFS_vnd.o)
 .debug_abbrev  0x00000e23      0x1ac .\CortexM3\ARM_GCC_541\Debug\Oscilloscope.a(ADC_CH1.o)
 .debug_abbrev  0x00000fcf       0x42 .\CortexM3\ARM_GCC_541\Debug\Oscilloscope.a(ADC_CH1_INT.o)
 .debug_abbrev  0x00001011       0xcd .\CortexM3\ARM_GCC_541\Debug\Oscilloscope.a(DMA_1_dma.o)
 .debug_abbrev  0x000010de       0xcd .\CortexM3\ARM_GCC_541\Debug\Oscilloscope.a(DMA_2_dma.o)
 .debug_abbrev  0x000011ab      0x173 .\CortexM3\ARM_GCC_541\Debug\Oscilloscope.a(isr_1.o)
 .debug_abbrev  0x0000131e      0x173 .\CortexM3\ARM_GCC_541\Debug\Oscilloscope.a(isr_2.o)
 .debug_abbrev  0x00001491      0x1cd .\CortexM3\ARM_GCC_541\Debug\Oscilloscope.a(ADC_POT.o)
 .debug_abbrev  0x0000165e       0x42 .\CortexM3\ARM_GCC_541\Debug\Oscilloscope.a(ADC_POT_INT.o)
 .debug_abbrev  0x000016a0       0xb1 .\CortexM3\ARM_GCC_541\Debug\Oscilloscope.a(Mux.o)
 .debug_abbrev  0x00001751      0x14b .\CortexM3\ARM_GCC_541\Debug\Oscilloscope.a(Timer_1.o)
 .debug_abbrev  0x0000189c      0x173 .\CortexM3\ARM_GCC_541\Debug\Oscilloscope.a(isr_pot.o)
 .debug_abbrev  0x00001a0f      0x1ac .\CortexM3\ARM_GCC_541\Debug\Oscilloscope.a(ADC_CH2.o)
 .debug_abbrev  0x00001bbb       0x42 .\CortexM3\ARM_GCC_541\Debug\Oscilloscope.a(ADC_CH2_INT.o)
 .debug_abbrev  0x00001bfd       0xcd .\CortexM3\ARM_GCC_541\Debug\Oscilloscope.a(USBFS_ep4_dma.o)
 .debug_abbrev  0x00001cca       0xcd .\CortexM3\ARM_GCC_541\Debug\Oscilloscope.a(USBFS_ep3_dma.o)
 .debug_abbrev  0x00001d97       0xcd .\CortexM3\ARM_GCC_541\Debug\Oscilloscope.a(USBFS_ep2_dma.o)
 .debug_abbrev  0x00001e64       0xcd .\CortexM3\ARM_GCC_541\Debug\Oscilloscope.a(USBFS_ep1_dma.o)
 .debug_abbrev  0x00001f31       0x90 .\CortexM3\ARM_GCC_541\Debug\Oscilloscope.a(USBFS_Dp.o)
 .debug_abbrev  0x00001fc1      0x121 .\CortexM3\ARM_GCC_541\Debug\Oscilloscope.a(ADC_CH1_theACLK.o)
 .debug_abbrev  0x000020e2       0xb1 .\CortexM3\ARM_GCC_541\Debug\Oscilloscope.a(ADC_POT_AMux.o)
 .debug_abbrev  0x00002193      0x139 .\CortexM3\ARM_GCC_541\Debug\Oscilloscope.a(ADC_POT_Ext_CP_Clk.o)
 .debug_abbrev  0x000022cc      0x121 .\CortexM3\ARM_GCC_541\Debug\Oscilloscope.a(ADC_POT_theACLK.o)
 .debug_abbrev  0x000023ed      0x121 .\CortexM3\ARM_GCC_541\Debug\Oscilloscope.a(ADC_CH2_theACLK.o)
 .debug_abbrev  0x0000250e      0x1b2 .\CortexM3\ARM_GCC_541\Debug\Oscilloscope.a(CyDmac.o)
 .debug_abbrev  0x000026c0      0x254 .\CortexM3\ARM_GCC_541\Debug\Oscilloscope.a(CyLib.o)
 .debug_abbrev  0x00002914      0x1ab .\CortexM3\ARM_GCC_541\Debug\Oscilloscope.a(cyPm.o)
 .debug_abbrev  0x00002abf       0x8e .\CortexM3\ARM_GCC_541\Debug\Oscilloscope.a(cyutils.o)
 .debug_abbrev  0x00002b4d       0x14 .\CortexM3\ARM_GCC_541\Debug\Oscilloscope.a(CyBootAsmGnu.o)
 .debug_abbrev  0x00002b61       0xc2 .\CortexM3\ARM_GCC_541\Debug\Oscilloscope.a(USBFS_cls.o)
 .debug_abbrev  0x00002c23       0xa3 .\CortexM3\ARM_GCC_541\Debug\Oscilloscope.a(USBFS_descr.o)
 .debug_abbrev  0x00002cc6      0x1a7 .\CortexM3\ARM_GCC_541\Debug\Oscilloscope.a(CyFlash.o)
 .debug_abbrev  0x00002e6d      0x194 .\CortexM3\ARM_GCC_541\Debug\Oscilloscope.a(CySpc.o)

.debug_line     0x00000000     0x41fe
 *(.debug_line)
 .debug_line    0x00000000      0x2c7 .\CortexM3\ARM_GCC_541\Debug\main.o
 .debug_line    0x000002c7      0x249 .\CortexM3\ARM_GCC_541\Debug\cyfitter_cfg.o
 .debug_line    0x00000510      0x141 .\CortexM3\ARM_GCC_541\Debug\cymetadata.o
 .debug_line    0x00000651      0x241 .\CortexM3\ARM_GCC_541\Debug\Cm3Start.o
 .debug_line    0x00000892      0x382 .\CortexM3\ARM_GCC_541\Debug\Oscilloscope.a(USBFS.o)
 .debug_line    0x00000c14      0x21b .\CortexM3\ARM_GCC_541\Debug\Oscilloscope.a(USBFS_drv.o)
 .debug_line    0x00000e2f      0x11e .\CortexM3\ARM_GCC_541\Debug\Oscilloscope.a(USBFS_episr.o)
 .debug_line    0x00000f4d      0x107 .\CortexM3\ARM_GCC_541\Debug\Oscilloscope.a(USBFS_pm.o)
 .debug_line    0x00001054      0x351 .\CortexM3\ARM_GCC_541\Debug\Oscilloscope.a(USBFS_std.o)
 .debug_line    0x000013a5       0x6f .\CortexM3\ARM_GCC_541\Debug\Oscilloscope.a(USBFS_vnd.o)
 .debug_line    0x00001414      0x21a .\CortexM3\ARM_GCC_541\Debug\Oscilloscope.a(ADC_CH1.o)
 .debug_line    0x0000162e       0x54 .\CortexM3\ARM_GCC_541\Debug\Oscilloscope.a(ADC_CH1_INT.o)
 .debug_line    0x00001682       0x82 .\CortexM3\ARM_GCC_541\Debug\Oscilloscope.a(DMA_1_dma.o)
 .debug_line    0x00001704       0x82 .\CortexM3\ARM_GCC_541\Debug\Oscilloscope.a(DMA_2_dma.o)
 .debug_line    0x00001786      0x132 .\CortexM3\ARM_GCC_541\Debug\Oscilloscope.a(isr_1.o)
 .debug_line    0x000018b8      0x132 .\CortexM3\ARM_GCC_541\Debug\Oscilloscope.a(isr_2.o)
 .debug_line    0x000019ea      0x371 .\CortexM3\ARM_GCC_541\Debug\Oscilloscope.a(ADC_POT.o)
 .debug_line    0x00001d5b       0x84 .\CortexM3\ARM_GCC_541\Debug\Oscilloscope.a(ADC_POT_INT.o)
 .debug_line    0x00001ddf       0xa7 .\CortexM3\ARM_GCC_541\Debug\Oscilloscope.a(Mux.o)
 .debug_line    0x00001e86      0x172 .\CortexM3\ARM_GCC_541\Debug\Oscilloscope.a(Timer_1.o)
 .debug_line    0x00001ff8      0x134 .\CortexM3\ARM_GCC_541\Debug\Oscilloscope.a(isr_pot.o)
 .debug_line    0x0000212c      0x21a .\CortexM3\ARM_GCC_541\Debug\Oscilloscope.a(ADC_CH2.o)
 .debug_line    0x00002346       0x54 .\CortexM3\ARM_GCC_541\Debug\Oscilloscope.a(ADC_CH2_INT.o)
 .debug_line    0x0000239a       0x86 .\CortexM3\ARM_GCC_541\Debug\Oscilloscope.a(USBFS_ep4_dma.o)
 .debug_line    0x00002420       0x86 .\CortexM3\ARM_GCC_541\Debug\Oscilloscope.a(USBFS_ep3_dma.o)
 .debug_line    0x000024a6       0x86 .\CortexM3\ARM_GCC_541\Debug\Oscilloscope.a(USBFS_ep2_dma.o)
 .debug_line    0x0000252c       0x86 .\CortexM3\ARM_GCC_541\Debug\Oscilloscope.a(USBFS_ep1_dma.o)
 .debug_line    0x000025b2       0xb9 .\CortexM3\ARM_GCC_541\Debug\Oscilloscope.a(USBFS_Dp.o)
 .debug_line    0x0000266b      0x1a1 .\CortexM3\ARM_GCC_541\Debug\Oscilloscope.a(ADC_CH1_theACLK.o)
 .debug_line    0x0000280c       0xb0 .\CortexM3\ARM_GCC_541\Debug\Oscilloscope.a(ADC_POT_AMux.o)
 .debug_line    0x000028bc      0x181 .\CortexM3\ARM_GCC_541\Debug\Oscilloscope.a(ADC_POT_Ext_CP_Clk.o)
 .debug_line    0x00002a3d      0x1a1 .\CortexM3\ARM_GCC_541\Debug\Oscilloscope.a(ADC_POT_theACLK.o)
 .debug_line    0x00002bde      0x1a1 .\CortexM3\ARM_GCC_541\Debug\Oscilloscope.a(ADC_CH2_theACLK.o)
 .debug_line    0x00002d7f      0x2e4 .\CortexM3\ARM_GCC_541\Debug\Oscilloscope.a(CyDmac.o)
 .debug_line    0x00003063      0x816 .\CortexM3\ARM_GCC_541\Debug\Oscilloscope.a(CyLib.o)
 .debug_line    0x00003879      0x367 .\CortexM3\ARM_GCC_541\Debug\Oscilloscope.a(cyPm.o)
 .debug_line    0x00003be0       0x60 .\CortexM3\ARM_GCC_541\Debug\Oscilloscope.a(cyutils.o)
 .debug_line    0x00003c40       0x66 .\CortexM3\ARM_GCC_541\Debug\Oscilloscope.a(CyBootAsmGnu.o)
 .debug_line    0x00003ca6       0x81 .\CortexM3\ARM_GCC_541\Debug\Oscilloscope.a(USBFS_cls.o)
 .debug_line    0x00003d27       0x5d .\CortexM3\ARM_GCC_541\Debug\Oscilloscope.a(USBFS_descr.o)
 .debug_line    0x00003d84      0x21a .\CortexM3\ARM_GCC_541\Debug\Oscilloscope.a(CyFlash.o)
 .debug_line    0x00003f9e      0x260 .\CortexM3\ARM_GCC_541\Debug\Oscilloscope.a(CySpc.o)

.debug_frame    0x00000000     0x2abc
 *(.debug_frame)
 .debug_frame   0x00000000       0xbc .\CortexM3\ARM_GCC_541\Debug\main.o
 .debug_frame   0x000000bc      0x154 .\CortexM3\ARM_GCC_541\Debug\cyfitter_cfg.o
 .debug_frame   0x00000210       0xb8 .\CortexM3\ARM_GCC_541\Debug\Cm3Start.o
 .debug_frame   0x000002c8      0x230 .\CortexM3\ARM_GCC_541\Debug\Oscilloscope.a(USBFS.o)
 .debug_frame   0x000004f8      0x194 .\CortexM3\ARM_GCC_541\Debug\Oscilloscope.a(USBFS_drv.o)
 .debug_frame   0x0000068c       0x94 .\CortexM3\ARM_GCC_541\Debug\Oscilloscope.a(USBFS_episr.o)
 .debug_frame   0x00000720       0xa0 .\CortexM3\ARM_GCC_541\Debug\Oscilloscope.a(USBFS_pm.o)
 .debug_frame   0x000007c0      0x158 .\CortexM3\ARM_GCC_541\Debug\Oscilloscope.a(USBFS_std.o)
 .debug_frame   0x00000918       0x20 .\CortexM3\ARM_GCC_541\Debug\Oscilloscope.a(USBFS_vnd.o)
 .debug_frame   0x00000938      0x1b0 .\CortexM3\ARM_GCC_541\Debug\Oscilloscope.a(ADC_CH1.o)
 .debug_frame   0x00000ae8       0x20 .\CortexM3\ARM_GCC_541\Debug\Oscilloscope.a(ADC_CH1_INT.o)
 .debug_frame   0x00000b08       0x54 .\CortexM3\ARM_GCC_541\Debug\Oscilloscope.a(DMA_1_dma.o)
 .debug_frame   0x00000b5c       0x54 .\CortexM3\ARM_GCC_541\Debug\Oscilloscope.a(DMA_2_dma.o)
 .debug_frame   0x00000bb0      0x104 .\CortexM3\ARM_GCC_541\Debug\Oscilloscope.a(isr_1.o)
 .debug_frame   0x00000cb4      0x104 .\CortexM3\ARM_GCC_541\Debug\Oscilloscope.a(isr_2.o)
 .debug_frame   0x00000db8      0x284 .\CortexM3\ARM_GCC_541\Debug\Oscilloscope.a(ADC_POT.o)
 .debug_frame   0x0000103c       0x50 .\CortexM3\ARM_GCC_541\Debug\Oscilloscope.a(ADC_POT_INT.o)
 .debug_frame   0x0000108c       0x64 .\CortexM3\ARM_GCC_541\Debug\Oscilloscope.a(Mux.o)
 .debug_frame   0x000010f0      0x13c .\CortexM3\ARM_GCC_541\Debug\Oscilloscope.a(Timer_1.o)
 .debug_frame   0x0000122c      0x104 .\CortexM3\ARM_GCC_541\Debug\Oscilloscope.a(isr_pot.o)
 .debug_frame   0x00001330      0x1b4 .\CortexM3\ARM_GCC_541\Debug\Oscilloscope.a(ADC_CH2.o)
 .debug_frame   0x000014e4       0x20 .\CortexM3\ARM_GCC_541\Debug\Oscilloscope.a(ADC_CH2_INT.o)
 .debug_frame   0x00001504       0x54 .\CortexM3\ARM_GCC_541\Debug\Oscilloscope.a(USBFS_ep4_dma.o)
 .debug_frame   0x00001558       0x54 .\CortexM3\ARM_GCC_541\Debug\Oscilloscope.a(USBFS_ep3_dma.o)
 .debug_frame   0x000015ac       0x54 .\CortexM3\ARM_GCC_541\Debug\Oscilloscope.a(USBFS_ep2_dma.o)
 .debug_frame   0x00001600       0x54 .\CortexM3\ARM_GCC_541\Debug\Oscilloscope.a(USBFS_ep1_dma.o)
 .debug_frame   0x00001654       0x70 .\CortexM3\ARM_GCC_541\Debug\Oscilloscope.a(USBFS_Dp.o)
 .debug_frame   0x000016c4      0x100 .\CortexM3\ARM_GCC_541\Debug\Oscilloscope.a(ADC_CH1_theACLK.o)
 .debug_frame   0x000017c4       0x64 .\CortexM3\ARM_GCC_541\Debug\Oscilloscope.a(ADC_POT_AMux.o)
 .debug_frame   0x00001828       0xe0 .\CortexM3\ARM_GCC_541\Debug\Oscilloscope.a(ADC_POT_Ext_CP_Clk.o)
 .debug_frame   0x00001908      0x100 .\CortexM3\ARM_GCC_541\Debug\Oscilloscope.a(ADC_POT_theACLK.o)
 .debug_frame   0x00001a08      0x100 .\CortexM3\ARM_GCC_541\Debug\Oscilloscope.a(ADC_CH2_theACLK.o)
 .debug_frame   0x00001b08      0x1f8 .\CortexM3\ARM_GCC_541\Debug\Oscilloscope.a(CyDmac.o)
 .debug_frame   0x00001d00      0x738 .\CortexM3\ARM_GCC_541\Debug\Oscilloscope.a(CyLib.o)
 .debug_frame   0x00002438      0x1f8 .\CortexM3\ARM_GCC_541\Debug\Oscilloscope.a(cyPm.o)
 .debug_frame   0x00002630       0x20 .\CortexM3\ARM_GCC_541\Debug\Oscilloscope.a(cyutils.o)
 .debug_frame   0x00002650       0x20 .\CortexM3\ARM_GCC_541\Debug\Oscilloscope.a(USBFS_cls.o)
 .debug_frame   0x00002670      0x194 .\CortexM3\ARM_GCC_541\Debug\Oscilloscope.a(CyFlash.o)
 .debug_frame   0x00002804      0x180 .\CortexM3\ARM_GCC_541\Debug\Oscilloscope.a(CySpc.o)
 .debug_frame   0x00002984       0x44 c:/program files (x86)/cypress/psoc creator/4.2/psoc creator/import/gnu/arm/5.4.1/bin/../lib/gcc/arm-none-eabi/5.4.1/armv7-m\libgcc.a(_aeabi_ldivmod.o)
 .debug_frame   0x000029c8       0x38 c:/program files (x86)/cypress/psoc creator/4.2/psoc creator/import/gnu/arm/5.4.1/bin/../lib/gcc/arm-none-eabi/5.4.1/armv7-m\libgcc.a(_udivmoddi4.o)
 .debug_frame   0x00002a00       0x20 c:/program files (x86)/cypress/psoc creator/4.2/psoc creator/import/gnu/arm/5.4.1/bin/../lib/gcc/arm-none-eabi/5.4.1/../../../../arm-none-eabi/lib/armv7-m\libg_nano.a(lib_a-errno.o)
 .debug_frame   0x00002a20       0x28 c:/program files (x86)/cypress/psoc creator/4.2/psoc creator/import/gnu/arm/5.4.1/bin/../lib/gcc/arm-none-eabi/5.4.1/../../../../arm-none-eabi/lib/armv7-m\libg_nano.a(lib_a-exit.o)
 .debug_frame   0x00002a48       0x2c c:/program files (x86)/cypress/psoc creator/4.2/psoc creator/import/gnu/arm/5.4.1/bin/../lib/gcc/arm-none-eabi/5.4.1/../../../../arm-none-eabi/lib/armv7-m\libg_nano.a(lib_a-init.o)
 .debug_frame   0x00002a74       0x28 c:/program files (x86)/cypress/psoc creator/4.2/psoc creator/import/gnu/arm/5.4.1/bin/../lib/gcc/arm-none-eabi/5.4.1/../../../../arm-none-eabi/lib/armv7-m\libg_nano.a(lib_a-memcpy-stub.o)
 .debug_frame   0x00002a9c       0x20 c:/program files (x86)/cypress/psoc creator/4.2/psoc creator/import/gnu/arm/5.4.1/bin/../lib/gcc/arm-none-eabi/5.4.1/../../../../arm-none-eabi/lib/armv7-m\libg_nano.a(lib_a-memset.o)

.debug_str      0x00000000     0x3a23
 *(.debug_str)
 .debug_str     0x00000000      0x422 .\CortexM3\ARM_GCC_541\Debug\main.o
                                0x48b (size before relaxing)
 .debug_str     0x00000422      0x1cd .\CortexM3\ARM_GCC_541\Debug\cyfitter_cfg.o
                                0x3a7 (size before relaxing)
 .debug_str     0x000005ef       0x75 .\CortexM3\ARM_GCC_541\Debug\cymetadata.o
                                0x1e6 (size before relaxing)
 .debug_str     0x00000664      0x154 .\CortexM3\ARM_GCC_541\Debug\Cm3Start.o
                                0x31c (size before relaxing)
 .debug_str     0x000007b8      0x47e .\CortexM3\ARM_GCC_541\Debug\Oscilloscope.a(USBFS.o)
                                0x72d (size before relaxing)
 .debug_str     0x00000c36      0x31c .\CortexM3\ARM_GCC_541\Debug\Oscilloscope.a(USBFS_drv.o)
                                0x5f6 (size before relaxing)
 .debug_str     0x00000f52       0x9a .\CortexM3\ARM_GCC_541\Debug\Oscilloscope.a(USBFS_episr.o)
                                0x35b (size before relaxing)
 .debug_str     0x00000fec       0xbe .\CortexM3\ARM_GCC_541\Debug\Oscilloscope.a(USBFS_pm.o)
                                0x2e9 (size before relaxing)
 .debug_str     0x000010aa      0x1f6 .\CortexM3\ARM_GCC_541\Debug\Oscilloscope.a(USBFS_std.o)
                                0x6a1 (size before relaxing)
 .debug_str     0x000012a0       0x23 .\CortexM3\ARM_GCC_541\Debug\Oscilloscope.a(USBFS_vnd.o)
                                0x1e9 (size before relaxing)
 .debug_str     0x000012c3      0x208 .\CortexM3\ARM_GCC_541\Debug\Oscilloscope.a(ADC_CH1.o)
                                0x48d (size before relaxing)
 .debug_str     0x000014cb       0x31 .\CortexM3\ARM_GCC_541\Debug\Oscilloscope.a(ADC_CH1_INT.o)
                                0x199 (size before relaxing)
 .debug_str     0x000014fc       0xc1 .\CortexM3\ARM_GCC_541\Debug\Oscilloscope.a(DMA_1_dma.o)
                                0x26e (size before relaxing)
 .debug_str     0x000015bd       0x44 .\CortexM3\ARM_GCC_541\Debug\Oscilloscope.a(DMA_2_dma.o)
                                0x26e (size before relaxing)
 .debug_str     0x00001601       0xf0 .\CortexM3\ARM_GCC_541\Debug\Oscilloscope.a(isr_1.o)
                                0x2a8 (size before relaxing)
 .debug_str     0x000016f1       0xd8 .\CortexM3\ARM_GCC_541\Debug\Oscilloscope.a(isr_2.o)
                                0x2a8 (size before relaxing)
 .debug_str     0x000017c9      0x3ad .\CortexM3\ARM_GCC_541\Debug\Oscilloscope.a(ADC_POT.o)
                                0x66f (size before relaxing)
 .debug_str     0x00001b76       0x59 .\CortexM3\ARM_GCC_541\Debug\Oscilloscope.a(ADC_POT_INT.o)
                                0x1d6 (size before relaxing)
 .debug_str     0x00001bcf       0x22 .\CortexM3\ARM_GCC_541\Debug\Oscilloscope.a(Mux.o)
                                0x1de (size before relaxing)
 .debug_str     0x00001bf1      0x19c .\CortexM3\ARM_GCC_541\Debug\Oscilloscope.a(Timer_1.o)
                                0x36c (size before relaxing)
 .debug_str     0x00001d8d       0xf2 .\CortexM3\ARM_GCC_541\Debug\Oscilloscope.a(isr_pot.o)
                                0x2c4 (size before relaxing)
 .debug_str     0x00001e7f      0x1bb .\CortexM3\ARM_GCC_541\Debug\Oscilloscope.a(ADC_CH2.o)
                                0x48d (size before relaxing)
 .debug_str     0x0000203a       0x31 .\CortexM3\ARM_GCC_541\Debug\Oscilloscope.a(ADC_CH2_INT.o)
                                0x199 (size before relaxing)
 .debug_str     0x0000206b       0x50 .\CortexM3\ARM_GCC_541\Debug\Oscilloscope.a(USBFS_ep4_dma.o)
                                0x27e (size before relaxing)
 .debug_str     0x000020bb       0x50 .\CortexM3\ARM_GCC_541\Debug\Oscilloscope.a(USBFS_ep3_dma.o)
                                0x27e (size before relaxing)
 .debug_str     0x0000210b       0x50 .\CortexM3\ARM_GCC_541\Debug\Oscilloscope.a(USBFS_ep2_dma.o)
                                0x27e (size before relaxing)
 .debug_str     0x0000215b       0x50 .\CortexM3\ARM_GCC_541\Debug\Oscilloscope.a(USBFS_ep1_dma.o)
                                0x27e (size before relaxing)
 .debug_str     0x000021ab       0x98 .\CortexM3\ARM_GCC_541\Debug\Oscilloscope.a(USBFS_Dp.o)
                                0x235 (size before relaxing)
 .debug_str     0x00002243      0x1eb .\CortexM3\ARM_GCC_541\Debug\Oscilloscope.a(ADC_CH1_theACLK.o)
                                0x39b (size before relaxing)
 .debug_str     0x0000242e       0x6a .\CortexM3\ARM_GCC_541\Debug\Oscilloscope.a(ADC_POT_AMux.o)
                                0x21d (size before relaxing)
 .debug_str     0x00002498      0x152 .\CortexM3\ARM_GCC_541\Debug\Oscilloscope.a(ADC_POT_Ext_CP_Clk.o)
                                0x374 (size before relaxing)
 .debug_str     0x000025ea      0x176 .\CortexM3\ARM_GCC_541\Debug\Oscilloscope.a(ADC_POT_theACLK.o)
                                0x39b (size before relaxing)
 .debug_str     0x00002760      0x199 .\CortexM3\ARM_GCC_541\Debug\Oscilloscope.a(ADC_CH2_theACLK.o)
                                0x39b (size before relaxing)
 .debug_str     0x000028f9      0x26f .\CortexM3\ARM_GCC_541\Debug\Oscilloscope.a(CyDmac.o)
                                0x54c (size before relaxing)
 .debug_str     0x00002b68      0x7bb .\CortexM3\ARM_GCC_541\Debug\Oscilloscope.a(CyLib.o)
                                0xa49 (size before relaxing)
 .debug_str     0x00003323      0x365 .\CortexM3\ARM_GCC_541\Debug\Oscilloscope.a(cyPm.o)
                                0x735 (size before relaxing)
 .debug_str     0x00003688       0x29 .\CortexM3\ARM_GCC_541\Debug\Oscilloscope.a(cyutils.o)
                                0x1b4 (size before relaxing)
 .debug_str     0x000036b1       0x23 .\CortexM3\ARM_GCC_541\Debug\Oscilloscope.a(USBFS_cls.o)
                                0x270 (size before relaxing)
 .debug_str     0x000036d4       0xef .\CortexM3\ARM_GCC_541\Debug\Oscilloscope.a(USBFS_descr.o)
                                0x2e8 (size before relaxing)
 .debug_str     0x000037c3      0x1b4 .\CortexM3\ARM_GCC_541\Debug\Oscilloscope.a(CyFlash.o)
                                0x3c2 (size before relaxing)
 .debug_str     0x00003977       0xac .\CortexM3\ARM_GCC_541\Debug\Oscilloscope.a(CySpc.o)
                                0x33a (size before relaxing)

.debug_loc      0x00000000     0x4c5f
 *(.debug_loc)
 .debug_loc     0x00000000       0x50 .\CortexM3\ARM_GCC_541\Debug\main.o
 .debug_loc     0x00000050      0x2ed .\CortexM3\ARM_GCC_541\Debug\cyfitter_cfg.o
 .debug_loc     0x0000033d      0x144 .\CortexM3\ARM_GCC_541\Debug\Cm3Start.o
 .debug_loc     0x00000481      0x512 .\CortexM3\ARM_GCC_541\Debug\Oscilloscope.a(USBFS.o)
 .debug_loc     0x00000993      0x171 .\CortexM3\ARM_GCC_541\Debug\Oscilloscope.a(USBFS_drv.o)
 .debug_loc     0x00000b04       0x50 .\CortexM3\ARM_GCC_541\Debug\Oscilloscope.a(USBFS_episr.o)
 .debug_loc     0x00000b54       0x26 .\CortexM3\ARM_GCC_541\Debug\Oscilloscope.a(USBFS_pm.o)
 .debug_loc     0x00000b7a      0x7d7 .\CortexM3\ARM_GCC_541\Debug\Oscilloscope.a(USBFS_std.o)
 .debug_loc     0x00001351      0x295 .\CortexM3\ARM_GCC_541\Debug\Oscilloscope.a(ADC_CH1.o)
 .debug_loc     0x000015e6       0x84 .\CortexM3\ARM_GCC_541\Debug\Oscilloscope.a(DMA_1_dma.o)
 .debug_loc     0x0000166a       0x84 .\CortexM3\ARM_GCC_541\Debug\Oscilloscope.a(DMA_2_dma.o)
 .debug_loc     0x000016ee       0x56 .\CortexM3\ARM_GCC_541\Debug\Oscilloscope.a(isr_1.o)
 .debug_loc     0x00001744       0x56 .\CortexM3\ARM_GCC_541\Debug\Oscilloscope.a(isr_2.o)
 .debug_loc     0x0000179a      0x69d .\CortexM3\ARM_GCC_541\Debug\Oscilloscope.a(ADC_POT.o)
 .debug_loc     0x00001e37       0x6c .\CortexM3\ARM_GCC_541\Debug\Oscilloscope.a(Mux.o)
 .debug_loc     0x00001ea3       0x6b .\CortexM3\ARM_GCC_541\Debug\Oscilloscope.a(Timer_1.o)
 .debug_loc     0x00001f0e       0x56 .\CortexM3\ARM_GCC_541\Debug\Oscilloscope.a(isr_pot.o)
 .debug_loc     0x00001f64      0x295 .\CortexM3\ARM_GCC_541\Debug\Oscilloscope.a(ADC_CH2.o)
 .debug_loc     0x000021f9       0x84 .\CortexM3\ARM_GCC_541\Debug\Oscilloscope.a(USBFS_ep4_dma.o)
 .debug_loc     0x0000227d       0x84 .\CortexM3\ARM_GCC_541\Debug\Oscilloscope.a(USBFS_ep3_dma.o)
 .debug_loc     0x00002301       0x84 .\CortexM3\ARM_GCC_541\Debug\Oscilloscope.a(USBFS_ep2_dma.o)
 .debug_loc     0x00002385       0x84 .\CortexM3\ARM_GCC_541\Debug\Oscilloscope.a(USBFS_ep1_dma.o)
 .debug_loc     0x00002409       0x84 .\CortexM3\ARM_GCC_541\Debug\Oscilloscope.a(USBFS_Dp.o)
 .debug_loc     0x0000248d      0x14d .\CortexM3\ARM_GCC_541\Debug\Oscilloscope.a(ADC_CH1_theACLK.o)
 .debug_loc     0x000025da       0x6c .\CortexM3\ARM_GCC_541\Debug\Oscilloscope.a(ADC_POT_AMux.o)
 .debug_loc     0x00002646      0x12c .\CortexM3\ARM_GCC_541\Debug\Oscilloscope.a(ADC_POT_Ext_CP_Clk.o)
 .debug_loc     0x00002772      0x149 .\CortexM3\ARM_GCC_541\Debug\Oscilloscope.a(ADC_POT_theACLK.o)
 .debug_loc     0x000028bb      0x149 .\CortexM3\ARM_GCC_541\Debug\Oscilloscope.a(ADC_CH2_theACLK.o)
 .debug_loc     0x00002a04      0xb8e .\CortexM3\ARM_GCC_541\Debug\Oscilloscope.a(CyDmac.o)
 .debug_loc     0x00003592      0xa11 .\CortexM3\ARM_GCC_541\Debug\Oscilloscope.a(CyLib.o)
 .debug_loc     0x00003fa3      0x1e4 .\CortexM3\ARM_GCC_541\Debug\Oscilloscope.a(cyPm.o)
 .debug_loc     0x00004187       0x21 .\CortexM3\ARM_GCC_541\Debug\Oscilloscope.a(cyutils.o)
 .debug_loc     0x000041a8      0x3b2 .\CortexM3\ARM_GCC_541\Debug\Oscilloscope.a(CyFlash.o)
 .debug_loc     0x0000455a      0x705 .\CortexM3\ARM_GCC_541\Debug\Oscilloscope.a(CySpc.o)

.debug_macinfo
 *(.debug_macinfo)

.debug_ranges   0x00000000      0xec8
 *(.debug_ranges)
 .debug_ranges  0x00000000       0x38 .\CortexM3\ARM_GCC_541\Debug\main.o
 .debug_ranges  0x00000038       0x68 .\CortexM3\ARM_GCC_541\Debug\cyfitter_cfg.o
 .debug_ranges  0x000000a0       0x38 .\CortexM3\ARM_GCC_541\Debug\Cm3Start.o
 .debug_ranges  0x000000d8       0xc8 .\CortexM3\ARM_GCC_541\Debug\Oscilloscope.a(USBFS.o)
 .debug_ranges  0x000001a0       0x88 .\CortexM3\ARM_GCC_541\Debug\Oscilloscope.a(USBFS_drv.o)
 .debug_ranges  0x00000228       0x38 .\CortexM3\ARM_GCC_541\Debug\Oscilloscope.a(USBFS_episr.o)
 .debug_ranges  0x00000260       0x30 .\CortexM3\ARM_GCC_541\Debug\Oscilloscope.a(USBFS_pm.o)
 .debug_ranges  0x00000290       0x68 .\CortexM3\ARM_GCC_541\Debug\Oscilloscope.a(USBFS_std.o)
 .debug_ranges  0x000002f8       0x10 .\CortexM3\ARM_GCC_541\Debug\Oscilloscope.a(USBFS_vnd.o)
 .debug_ranges  0x00000308       0x98 .\CortexM3\ARM_GCC_541\Debug\Oscilloscope.a(ADC_CH1.o)
 .debug_ranges  0x000003a0       0x10 .\CortexM3\ARM_GCC_541\Debug\Oscilloscope.a(ADC_CH1_INT.o)
 .debug_ranges  0x000003b0       0x18 .\CortexM3\ARM_GCC_541\Debug\Oscilloscope.a(DMA_1_dma.o)
 .debug_ranges  0x000003c8       0x18 .\CortexM3\ARM_GCC_541\Debug\Oscilloscope.a(DMA_2_dma.o)
 .debug_ranges  0x000003e0       0x70 .\CortexM3\ARM_GCC_541\Debug\Oscilloscope.a(isr_1.o)
 .debug_ranges  0x00000450       0x70 .\CortexM3\ARM_GCC_541\Debug\Oscilloscope.a(isr_2.o)
 .debug_ranges  0x000004c0       0xd8 .\CortexM3\ARM_GCC_541\Debug\Oscilloscope.a(ADC_POT.o)
 .debug_ranges  0x00000598       0x28 .\CortexM3\ARM_GCC_541\Debug\Oscilloscope.a(ADC_POT_INT.o)
 .debug_ranges  0x000005c0       0x20 .\CortexM3\ARM_GCC_541\Debug\Oscilloscope.a(Mux.o)
 .debug_ranges  0x000005e0       0x80 .\CortexM3\ARM_GCC_541\Debug\Oscilloscope.a(Timer_1.o)
 .debug_ranges  0x00000660       0x70 .\CortexM3\ARM_GCC_541\Debug\Oscilloscope.a(isr_pot.o)
 .debug_ranges  0x000006d0       0x98 .\CortexM3\ARM_GCC_541\Debug\Oscilloscope.a(ADC_CH2.o)
 .debug_ranges  0x00000768       0x10 .\CortexM3\ARM_GCC_541\Debug\Oscilloscope.a(ADC_CH2_INT.o)
 .debug_ranges  0x00000778       0x18 .\CortexM3\ARM_GCC_541\Debug\Oscilloscope.a(USBFS_ep4_dma.o)
 .debug_ranges  0x00000790       0x18 .\CortexM3\ARM_GCC_541\Debug\Oscilloscope.a(USBFS_ep3_dma.o)
 .debug_ranges  0x000007a8       0x18 .\CortexM3\ARM_GCC_541\Debug\Oscilloscope.a(USBFS_ep2_dma.o)
 .debug_ranges  0x000007c0       0x18 .\CortexM3\ARM_GCC_541\Debug\Oscilloscope.a(USBFS_ep1_dma.o)
 .debug_ranges  0x000007d8       0x38 .\CortexM3\ARM_GCC_541\Debug\Oscilloscope.a(USBFS_Dp.o)
 .debug_ranges  0x00000810       0x70 .\CortexM3\ARM_GCC_541\Debug\Oscilloscope.a(ADC_CH1_theACLK.o)
 .debug_ranges  0x00000880       0x20 .\CortexM3\ARM_GCC_541\Debug\Oscilloscope.a(ADC_POT_AMux.o)
 .debug_ranges  0x000008a0       0x60 .\CortexM3\ARM_GCC_541\Debug\Oscilloscope.a(ADC_POT_Ext_CP_Clk.o)
 .debug_ranges  0x00000900       0x70 .\CortexM3\ARM_GCC_541\Debug\Oscilloscope.a(ADC_POT_theACLK.o)
 .debug_ranges  0x00000970       0x70 .\CortexM3\ARM_GCC_541\Debug\Oscilloscope.a(ADC_CH2_theACLK.o)
 .debug_ranges  0x000009e0       0xc8 .\CortexM3\ARM_GCC_541\Debug\Oscilloscope.a(CyDmac.o)
 .debug_ranges  0x00000aa8      0x290 .\CortexM3\ARM_GCC_541\Debug\Oscilloscope.a(CyLib.o)
 .debug_ranges  0x00000d38       0x88 .\CortexM3\ARM_GCC_541\Debug\Oscilloscope.a(cyPm.o)
 .debug_ranges  0x00000dc0       0x10 .\CortexM3\ARM_GCC_541\Debug\Oscilloscope.a(cyutils.o)
 .debug_ranges  0x00000dd0       0x10 .\CortexM3\ARM_GCC_541\Debug\Oscilloscope.a(USBFS_cls.o)
 .debug_ranges  0x00000de0       0x78 .\CortexM3\ARM_GCC_541\Debug\Oscilloscope.a(CyFlash.o)
 .debug_ranges  0x00000e58       0x70 .\CortexM3\ARM_GCC_541\Debug\Oscilloscope.a(CySpc.o)

.comment        0x00000000       0x6e
 .comment       0x00000000       0x6e .\CortexM3\ARM_GCC_541\Debug\main.o
                                 0x6f (size before relaxing)
 .comment       0x0000006e       0x6f .\CortexM3\ARM_GCC_541\Debug\cyfitter_cfg.o
 .comment       0x0000006e       0x6f .\CortexM3\ARM_GCC_541\Debug\cymetadata.o
 .comment       0x0000006e       0x6f .\CortexM3\ARM_GCC_541\Debug\Cm3Start.o
 .comment       0x0000006e       0x6f .\CortexM3\ARM_GCC_541\Debug\Oscilloscope.a(USBFS.o)
 .comment       0x0000006e       0x6f .\CortexM3\ARM_GCC_541\Debug\Oscilloscope.a(USBFS_drv.o)
 .comment       0x0000006e       0x6f .\CortexM3\ARM_GCC_541\Debug\Oscilloscope.a(USBFS_episr.o)
 .comment       0x0000006e       0x6f .\CortexM3\ARM_GCC_541\Debug\Oscilloscope.a(USBFS_pm.o)
 .comment       0x0000006e       0x6f .\CortexM3\ARM_GCC_541\Debug\Oscilloscope.a(USBFS_std.o)
 .comment       0x0000006e       0x6f .\CortexM3\ARM_GCC_541\Debug\Oscilloscope.a(USBFS_vnd.o)
 .comment       0x0000006e       0x6f .\CortexM3\ARM_GCC_541\Debug\Oscilloscope.a(ADC_CH1.o)
 .comment       0x0000006e       0x6f .\CortexM3\ARM_GCC_541\Debug\Oscilloscope.a(ADC_CH1_INT.o)
 .comment       0x0000006e       0x6f .\CortexM3\ARM_GCC_541\Debug\Oscilloscope.a(DMA_1_dma.o)
 .comment       0x0000006e       0x6f .\CortexM3\ARM_GCC_541\Debug\Oscilloscope.a(DMA_2_dma.o)
 .comment       0x0000006e       0x6f .\CortexM3\ARM_GCC_541\Debug\Oscilloscope.a(isr_1.o)
 .comment       0x0000006e       0x6f .\CortexM3\ARM_GCC_541\Debug\Oscilloscope.a(isr_2.o)
 .comment       0x0000006e       0x6f .\CortexM3\ARM_GCC_541\Debug\Oscilloscope.a(ADC_POT.o)
 .comment       0x0000006e       0x6f .\CortexM3\ARM_GCC_541\Debug\Oscilloscope.a(ADC_POT_INT.o)
 .comment       0x0000006e       0x6f .\CortexM3\ARM_GCC_541\Debug\Oscilloscope.a(Mux.o)
 .comment       0x0000006e       0x6f .\CortexM3\ARM_GCC_541\Debug\Oscilloscope.a(Timer_1.o)
 .comment       0x0000006e       0x6f .\CortexM3\ARM_GCC_541\Debug\Oscilloscope.a(isr_pot.o)
 .comment       0x0000006e       0x6f .\CortexM3\ARM_GCC_541\Debug\Oscilloscope.a(ADC_CH2.o)
 .comment       0x0000006e       0x6f .\CortexM3\ARM_GCC_541\Debug\Oscilloscope.a(ADC_CH2_INT.o)
 .comment       0x0000006e       0x6f .\CortexM3\ARM_GCC_541\Debug\Oscilloscope.a(USBFS_ep4_dma.o)
 .comment       0x0000006e       0x6f .\CortexM3\ARM_GCC_541\Debug\Oscilloscope.a(USBFS_ep3_dma.o)
 .comment       0x0000006e       0x6f .\CortexM3\ARM_GCC_541\Debug\Oscilloscope.a(USBFS_ep2_dma.o)
 .comment       0x0000006e       0x6f .\CortexM3\ARM_GCC_541\Debug\Oscilloscope.a(USBFS_ep1_dma.o)
 .comment       0x0000006e       0x6f .\CortexM3\ARM_GCC_541\Debug\Oscilloscope.a(USBFS_Dp.o)
 .comment       0x0000006e       0x6f .\CortexM3\ARM_GCC_541\Debug\Oscilloscope.a(ADC_CH1_theACLK.o)
 .comment       0x0000006e       0x6f .\CortexM3\ARM_GCC_541\Debug\Oscilloscope.a(ADC_POT_AMux.o)
 .comment       0x0000006e       0x6f .\CortexM3\ARM_GCC_541\Debug\Oscilloscope.a(ADC_POT_Ext_CP_Clk.o)
 .comment       0x0000006e       0x6f .\CortexM3\ARM_GCC_541\Debug\Oscilloscope.a(ADC_POT_theACLK.o)
 .comment       0x0000006e       0x6f .\CortexM3\ARM_GCC_541\Debug\Oscilloscope.a(ADC_CH2_theACLK.o)
 .comment       0x0000006e       0x6f .\CortexM3\ARM_GCC_541\Debug\Oscilloscope.a(CyDmac.o)
 .comment       0x0000006e       0x6f .\CortexM3\ARM_GCC_541\Debug\Oscilloscope.a(CyLib.o)
 .comment       0x0000006e       0x6f .\CortexM3\ARM_GCC_541\Debug\Oscilloscope.a(cyPm.o)
 .comment       0x0000006e       0x6f .\CortexM3\ARM_GCC_541\Debug\Oscilloscope.a(cyutils.o)
 .comment       0x0000006e       0x6f .\CortexM3\ARM_GCC_541\Debug\Oscilloscope.a(USBFS_cls.o)
 .comment       0x0000006e       0x6f .\CortexM3\ARM_GCC_541\Debug\Oscilloscope.a(USBFS_descr.o)
 .comment       0x0000006e       0x6f .\CortexM3\ARM_GCC_541\Debug\Oscilloscope.a(CyFlash.o)
 .comment       0x0000006e       0x6f .\CortexM3\ARM_GCC_541\Debug\Oscilloscope.a(CySpc.o)

.debug_weaknames
 *(.debug_weaknames)

.debug_funcnames
 *(.debug_funcnames)

.debug_typenames
 *(.debug_typenames)

.debug_varnames
 *(.debug_varnames)

.note.gnu.arm.ident
 *(.note.gnu.arm.ident)

.ARM.attributes
                0x00000000       0x29
 *(.ARM.attributes)
 .ARM.attributes
                0x00000000       0x1d c:/program files (x86)/cypress/psoc creator/4.2/psoc creator/import/gnu/arm/5.4.1/bin/../lib/gcc/arm-none-eabi/5.4.1/armv7-m/crti.o
 .ARM.attributes
                0x0000001d       0x2d c:/program files (x86)/cypress/psoc creator/4.2/psoc creator/import/gnu/arm/5.4.1/bin/../lib/gcc/arm-none-eabi/5.4.1/armv7-m/crtbegin.o
 .ARM.attributes
                0x0000004a       0x1b c:/program files (x86)/cypress/psoc creator/4.2/psoc creator/import/gnu/arm/5.4.1/bin/../lib/gcc/arm-none-eabi/5.4.1/../../../../arm-none-eabi/lib/armv7-m/crt0.o
 .ARM.attributes
                0x00000065       0x33 .\CortexM3\ARM_GCC_541\Debug\main.o
 .ARM.attributes
                0x00000098       0x33 .\CortexM3\ARM_GCC_541\Debug\cyfitter_cfg.o
 .ARM.attributes
                0x000000cb       0x33 .\CortexM3\ARM_GCC_541\Debug\cymetadata.o
 .ARM.attributes
                0x000000fe       0x33 .\CortexM3\ARM_GCC_541\Debug\Cm3Start.o
 .ARM.attributes
                0x00000131       0x33 .\CortexM3\ARM_GCC_541\Debug\Oscilloscope.a(USBFS.o)
 .ARM.attributes
                0x00000164       0x33 .\CortexM3\ARM_GCC_541\Debug\Oscilloscope.a(USBFS_drv.o)
 .ARM.attributes
                0x00000197       0x33 .\CortexM3\ARM_GCC_541\Debug\Oscilloscope.a(USBFS_episr.o)
 .ARM.attributes
                0x000001ca       0x33 .\CortexM3\ARM_GCC_541\Debug\Oscilloscope.a(USBFS_pm.o)
 .ARM.attributes
                0x000001fd       0x33 .\CortexM3\ARM_GCC_541\Debug\Oscilloscope.a(USBFS_std.o)
 .ARM.attributes
                0x00000230       0x33 .\CortexM3\ARM_GCC_541\Debug\Oscilloscope.a(USBFS_vnd.o)
 .ARM.attributes
                0x00000263       0x33 .\CortexM3\ARM_GCC_541\Debug\Oscilloscope.a(ADC_CH1.o)
 .ARM.attributes
                0x00000296       0x33 .\CortexM3\ARM_GCC_541\Debug\Oscilloscope.a(ADC_CH1_INT.o)
 .ARM.attributes
                0x000002c9       0x33 .\CortexM3\ARM_GCC_541\Debug\Oscilloscope.a(DMA_1_dma.o)
 .ARM.attributes
                0x000002fc       0x33 .\CortexM3\ARM_GCC_541\Debug\Oscilloscope.a(DMA_2_dma.o)
 .ARM.attributes
                0x0000032f       0x33 .\CortexM3\ARM_GCC_541\Debug\Oscilloscope.a(isr_1.o)
 .ARM.attributes
                0x00000362       0x33 .\CortexM3\ARM_GCC_541\Debug\Oscilloscope.a(isr_2.o)
 .ARM.attributes
                0x00000395       0x33 .\CortexM3\ARM_GCC_541\Debug\Oscilloscope.a(ADC_POT.o)
 .ARM.attributes
                0x000003c8       0x33 .\CortexM3\ARM_GCC_541\Debug\Oscilloscope.a(ADC_POT_INT.o)
 .ARM.attributes
                0x000003fb       0x33 .\CortexM3\ARM_GCC_541\Debug\Oscilloscope.a(Mux.o)
 .ARM.attributes
                0x0000042e       0x33 .\CortexM3\ARM_GCC_541\Debug\Oscilloscope.a(Timer_1.o)
 .ARM.attributes
                0x00000461       0x33 .\CortexM3\ARM_GCC_541\Debug\Oscilloscope.a(isr_pot.o)
 .ARM.attributes
                0x00000494       0x33 .\CortexM3\ARM_GCC_541\Debug\Oscilloscope.a(ADC_CH2.o)
 .ARM.attributes
                0x000004c7       0x33 .\CortexM3\ARM_GCC_541\Debug\Oscilloscope.a(ADC_CH2_INT.o)
 .ARM.attributes
                0x000004fa       0x33 .\CortexM3\ARM_GCC_541\Debug\Oscilloscope.a(USBFS_ep4_dma.o)
 .ARM.attributes
                0x0000052d       0x33 .\CortexM3\ARM_GCC_541\Debug\Oscilloscope.a(USBFS_ep3_dma.o)
 .ARM.attributes
                0x00000560       0x33 .\CortexM3\ARM_GCC_541\Debug\Oscilloscope.a(USBFS_ep2_dma.o)
 .ARM.attributes
                0x00000593       0x33 .\CortexM3\ARM_GCC_541\Debug\Oscilloscope.a(USBFS_ep1_dma.o)
 .ARM.attributes
                0x000005c6       0x33 .\CortexM3\ARM_GCC_541\Debug\Oscilloscope.a(USBFS_Dp.o)
 .ARM.attributes
                0x000005f9       0x33 .\CortexM3\ARM_GCC_541\Debug\Oscilloscope.a(ADC_CH1_theACLK.o)
 .ARM.attributes
                0x0000062c       0x33 .\CortexM3\ARM_GCC_541\Debug\Oscilloscope.a(ADC_POT_AMux.o)
 .ARM.attributes
                0x0000065f       0x33 .\CortexM3\ARM_GCC_541\Debug\Oscilloscope.a(ADC_POT_Ext_CP_Clk.o)
 .ARM.attributes
                0x00000692       0x33 .\CortexM3\ARM_GCC_541\Debug\Oscilloscope.a(ADC_POT_theACLK.o)
 .ARM.attributes